Archive member included to satisfy reference by file (symbol)

C:/Users/LENOVO/.pico-sdk/toolchain/14_2_Rel1/bin/../lib/gcc/arm-none-eabi/14.2.1/thumb/v6-m/nofp\libgcc.a(_dvmd_tls.o)
                              CMakeFiles/Lancha.dir/C_/Users/LENOVO/.pico-sdk/sdk/2.1.1/src/rp2_common/pico_divider/divider_hardware.S.obj (__aeabi_idiv0)
C:/Users/LENOVO/.pico-sdk/toolchain/14_2_Rel1/bin/../lib/gcc/arm-none-eabi/14.2.1/thumb/v6-m/nofp\libg.a(libc_a-calloc.o)
                              CMakeFiles/Lancha.dir/C_/Users/LENOVO/.pico-sdk/sdk/2.1.1/src/rp2_common/pico_malloc/malloc.c.obj (calloc)
C:/Users/LENOVO/.pico-sdk/toolchain/14_2_Rel1/bin/../lib/gcc/arm-none-eabi/14.2.1/thumb/v6-m/nofp\libg.a(libc_a-callocr.o)
                              C:/Users/LENOVO/.pico-sdk/toolchain/14_2_Rel1/bin/../lib/gcc/arm-none-eabi/14.2.1/thumb/v6-m/nofp\libg.a(libc_a-calloc.o) (_calloc_r)
C:/Users/LENOVO/.pico-sdk/toolchain/14_2_Rel1/bin/../lib/gcc/arm-none-eabi/14.2.1/thumb/v6-m/nofp\libg.a(libc_a-malloc.o)
                              CMakeFiles/Lancha.dir/C_/Users/LENOVO/.pico-sdk/sdk/2.1.1/src/rp2_common/pico_malloc/malloc.c.obj (malloc)
C:/Users/LENOVO/.pico-sdk/toolchain/14_2_Rel1/bin/../lib/gcc/arm-none-eabi/14.2.1/thumb/v6-m/nofp\libg.a(libc_a-mallocr.o)
                              C:/Users/LENOVO/.pico-sdk/toolchain/14_2_Rel1/bin/../lib/gcc/arm-none-eabi/14.2.1/thumb/v6-m/nofp\libg.a(libc_a-callocr.o) (_malloc_r)
C:/Users/LENOVO/.pico-sdk/toolchain/14_2_Rel1/bin/../lib/gcc/arm-none-eabi/14.2.1/thumb/v6-m/nofp\libg.a(libc_a-mlock.o)
                              C:/Users/LENOVO/.pico-sdk/toolchain/14_2_Rel1/bin/../lib/gcc/arm-none-eabi/14.2.1/thumb/v6-m/nofp\libg.a(libc_a-mallocr.o) (__malloc_lock)
C:/Users/LENOVO/.pico-sdk/toolchain/14_2_Rel1/bin/../lib/gcc/arm-none-eabi/14.2.1/thumb/v6-m/nofp\libg.a(libc_a-realloc.o)
                              CMakeFiles/Lancha.dir/C_/Users/LENOVO/.pico-sdk/sdk/2.1.1/src/rp2_common/pico_malloc/malloc.c.obj (realloc)
C:/Users/LENOVO/.pico-sdk/toolchain/14_2_Rel1/bin/../lib/gcc/arm-none-eabi/14.2.1/thumb/v6-m/nofp\libg.a(libc_a-reallocr.o)
                              C:/Users/LENOVO/.pico-sdk/toolchain/14_2_Rel1/bin/../lib/gcc/arm-none-eabi/14.2.1/thumb/v6-m/nofp\libg.a(libc_a-realloc.o) (_realloc_r)
C:/Users/LENOVO/.pico-sdk/toolchain/14_2_Rel1/bin/../lib/gcc/arm-none-eabi/14.2.1/thumb/v6-m/nofp\libg.a(libc_a-memcmp.o)
                              CMakeFiles/Lancha.dir/C_/Users/LENOVO/.pico-sdk/sdk/2.1.1/src/rp2_common/pico_atomic/atomic.c.obj (memcmp)
C:/Users/LENOVO/.pico-sdk/toolchain/14_2_Rel1/bin/../lib/gcc/arm-none-eabi/14.2.1/thumb/v6-m/nofp\libg.a(libc_a-memmove.o)
                              C:/Users/LENOVO/.pico-sdk/toolchain/14_2_Rel1/bin/../lib/gcc/arm-none-eabi/14.2.1/thumb/v6-m/nofp\libg.a(libc_a-reallocr.o) (memmove)
C:/Users/LENOVO/.pico-sdk/toolchain/14_2_Rel1/bin/../lib/gcc/arm-none-eabi/14.2.1/thumb/v6-m/nofp\libg.a(libc_a-lcltime_r.o)
                              CMakeFiles/Lancha.dir/C_/Users/LENOVO/.pico-sdk/sdk/2.1.1/src/common/pico_util/datetime.c.obj (localtime_r)
C:/Users/LENOVO/.pico-sdk/toolchain/14_2_Rel1/bin/../lib/gcc/arm-none-eabi/14.2.1/thumb/v6-m/nofp\libg.a(libc_a-mktime.o)
                              CMakeFiles/Lancha.dir/C_/Users/LENOVO/.pico-sdk/sdk/2.1.1/src/common/pico_util/datetime.c.obj (mktime)
C:/Users/LENOVO/.pico-sdk/toolchain/14_2_Rel1/bin/../lib/gcc/arm-none-eabi/14.2.1/thumb/v6-m/nofp\libg.a(libc_a-month_lengths.o)
                              C:/Users/LENOVO/.pico-sdk/toolchain/14_2_Rel1/bin/../lib/gcc/arm-none-eabi/14.2.1/thumb/v6-m/nofp\libg.a(libc_a-lcltime_r.o) (__month_lengths)
C:/Users/LENOVO/.pico-sdk/toolchain/14_2_Rel1/bin/../lib/gcc/arm-none-eabi/14.2.1/thumb/v6-m/nofp\libg.a(libc_a-tzcalc_limits.o)
                              C:/Users/LENOVO/.pico-sdk/toolchain/14_2_Rel1/bin/../lib/gcc/arm-none-eabi/14.2.1/thumb/v6-m/nofp\libg.a(libc_a-lcltime_r.o) (__tzcalc_limits)
C:/Users/LENOVO/.pico-sdk/toolchain/14_2_Rel1/bin/../lib/gcc/arm-none-eabi/14.2.1/thumb/v6-m/nofp\libg.a(libc_a-tzlock.o)
                              C:/Users/LENOVO/.pico-sdk/toolchain/14_2_Rel1/bin/../lib/gcc/arm-none-eabi/14.2.1/thumb/v6-m/nofp\libg.a(libc_a-lcltime_r.o) (__tz_lock)
C:/Users/LENOVO/.pico-sdk/toolchain/14_2_Rel1/bin/../lib/gcc/arm-none-eabi/14.2.1/thumb/v6-m/nofp\libg.a(libc_a-tzset.o)
                              C:/Users/LENOVO/.pico-sdk/toolchain/14_2_Rel1/bin/../lib/gcc/arm-none-eabi/14.2.1/thumb/v6-m/nofp\libg.a(libc_a-lcltime_r.o) (_tzset_unlocked)
C:/Users/LENOVO/.pico-sdk/toolchain/14_2_Rel1/bin/../lib/gcc/arm-none-eabi/14.2.1/thumb/v6-m/nofp\libg.a(libc_a-tzset_r.o)
                              C:/Users/LENOVO/.pico-sdk/toolchain/14_2_Rel1/bin/../lib/gcc/arm-none-eabi/14.2.1/thumb/v6-m/nofp\libg.a(libc_a-tzset.o) (_tzset_unlocked_r)
C:/Users/LENOVO/.pico-sdk/toolchain/14_2_Rel1/bin/../lib/gcc/arm-none-eabi/14.2.1/thumb/v6-m/nofp\libg.a(libc_a-tzvars.o)
[...]
Memory Configuration

Name             Origin             Length             Attributes
FLASH            0x10000000         0x00200000         xr
RAM              0x20000000         0x00040000         xrw
SCRATCH_X        0x20040000         0x00001000         xrw
SCRATCH_Y        0x20041000         0x00001000         xrw
*default*        0x00000000         0xffffffff

Linker script and memory map

LOAD C:/Users/LENOVO/.pico-sdk/toolchain/14_2_Rel1/bin/../lib/gcc/arm-none-eabi/14.2.1/thumb/v6-m/nofp/crti.o
LOAD C:/Users/LENOVO/.pico-sdk/toolchain/14_2_Rel1/bin/../lib/gcc/arm-none-eabi/14.2.1/thumb/v6-m/nofp/crtbegin.o
LOAD C:/Users/LENOVO/.pico-sdk/toolchain/14_2_Rel1/bin/../lib/gcc/arm-none-eabi/14.2.1/thumb/v6-m/nofp/crt0.o

.flash_begin    0x10000000        0x0
                0x10000000                        __flash_binary_start = .

.boot2          0x10000000      0x100
                0x10000000                        __boot2_start__ = .
 *(.boot2)
 .boot2         0x10000000      0x100 pico-sdk/src/rp2040/boot_stage2/CMakeFiles/bs2_default_library.dir/./bs2_default_padded_checksummed.S.obj
                0x10000100                        __boot2_end__ = .
                0x00000001                        ASSERT (((__boot2_end__ - __boot2_start__) == 0x100), ERROR: Pico second stage bootloader must be 256 bytes in size)

.text           0x10000100     0x763c
                0x10000100                        __logical_binary_start = .
 *(.vectors)
 .vectors       0x10000100       0xd4 CMakeFiles/Lancha.dir/C_/Users/LENOVO/.pico-sdk/sdk/2.1.1/src/rp2_common/pico_crt0/crt0.S.obj
                0x10000100                __VECTOR_TABLE
                0x10000100                __vectors
                0x100001c0                isr_invalid
                0x100001c0                __default_isrs_start
                0x100001c2                isr_nmi
                0x100001c4                isr_hardfault
                0x100001c6                isr_svcall
                0x100001c8                isr_pendsv
                0x100001ca                isr_systick
                0x100001cc                isr_irq23
                0x100001cc                isr_irq18
                0x100001cc                isr_irq11
                0x100001cc                isr_irq28
                0x100001cc                isr_irq19
                0x100001cc                isr_irq0
                0x100001cc                isr_irq6
                0x100001cc                isr_irq5
                0x100001cc                isr_irq12
                0x100001cc                isr_irq22
                0x100001cc                isr_irq31
                0x100001cc                isr_irq17
                0x100001cc                isr_irq27
                0x100001cc                isr_irq30
                0x100001cc                isr_irq2
                0x100001cc                isr_irq10
                0x100001cc                isr_irq8
                0x100001cc                isr_irq24
                0x100001cc                isr_irq1
                0x100001cc                isr_irq7
                0x100001cc                isr_irq21
                0x100001cc                isr_irq20
                0x100001cc                isr_irq15
                0x100001cc                isr_irq25
                0x100001cc                isr_irq13
                0x100001cc                __unhandled_user_irq
                0x100001cc                isr_irq4
                0x100001cc                isr_irq16
                0x100001cc                isr_irq29
                0x100001cc                isr_irq26
                0x100001cc                __default_isrs_end
                0x100001cc                isr_irq3
                0x100001cc                isr_irq14
                0x100001cc                isr_irq9
                0x100001d2                unhandled_user_irq_num_in_r0
 *(.binary_info_header)
 .binary_info_header
                0x100001d4       0x14 CMakeFiles/Lancha.dir/C_/Users/LENOVO/.pico-sdk/sdk/2.1.1/src/rp2_common/pico_crt0/crt0.S.obj
                0x100001e8                        __binary_info_header_end = .
 *(.embedded_block)
                0x100001e8                        __embedded_block_end = .
 *(.reset)
 .reset         0x100001e8       0x9c CMakeFiles/Lancha.dir/C_/Users/LENOVO/.pico-sdk/sdk/2.1.1/src/rp2_common/pico_crt0/crt0.S.obj
                0x100001e8                _entry_point
 *(.init)
 .init          0x10000284        0x4 C:/Users/LENOVO/.pico-sdk/toolchain/14_2_Rel1/bin/../lib/gcc/arm-none-eabi/14.2.1/thumb/v6-m/nofp/crti.o
                0x10000284                _init
 *(EXCLUDE_FILE(*libm.a: *libc.a:*lib_a-mem*.o *libgcc.a:) .text*)
 .text.register_tm_clones
                0x10000288       0x28 C:/Users/LENOVO/.pico-sdk/toolchain/14_2_Rel1/bin/../lib/gcc/arm-none-eabi/14.2.1/thumb/v6-m/nofp/crtbegin.o
 .text.frame_dummy
                0x100002b0       0x24 C:/Users/LENOVO/.pico-sdk/toolchain/14_2_Rel1/bin/../lib/gcc/arm-none-eabi/14.2.1/thumb/v6-m/nofp/crtbegin.o
 .text.startup.main
                0x100002d4      0x2c0 CMakeFiles/Lancha.dir/Lancha_trial.c.obj
                0x100002d4                main
 .text.gpio_set_function
                0x10000594       0x34 CMakeFiles/Lancha.dir/C_/Users/LENOVO/.pico-sdk/sdk/2.1.1/src/rp2_common/hardware_gpio/gpio.c.obj
                0x10000594                gpio_set_function
 .text.gpio_set_pulls
                0x100005c8       0x28 CMakeFiles/Lancha.dir/C_/Users/LENOVO/.pico-sdk/sdk/2.1.1/src/rp2_common/hardware_gpio/gpio.c.obj
                0x100005c8                gpio_set_pulls
 .text.gpio_init
                0x100005f0       0x40 CMakeFiles/Lancha.dir/C_/Users/LENOVO/.pico-sdk/sdk/2.1.1/src/rp2_common/hardware_gpio/gpio.c.obj
                0x100005f0                gpio_init
 .text.rp2040_chip_version
                0x10000630        0xc CMakeFiles/Lancha.dir/C_/Users/LENOVO/.pico-sdk/sdk/2.1.1/src/rp2040/pico_platform/platform.c.obj
                0x10000630                rp2040_chip_version
 .text.panic    0x1000063c       0x30 CMakeFiles/Lancha.dir/C_/Users/LENOVO/.pico-sdk/sdk/2.1.1/src/rp2_common/pico_platform_panic/panic.c.obj
                0x1000063c                panic
 .text.hw_claim_or_assert
                0x1000066c       0x44 CMakeFiles/Lancha.dir/C_/Users/LENOVO/.pico-sdk/sdk/2.1.1/src/common/hardware_claim/claim.c.obj
                0x1000066c                hw_claim_or_assert
 .text.hw_claim_unused_from_range
                0x100006b0       0x88 CMakeFiles/Lancha.dir/C_/Users/LENOVO/.pico-sdk/sdk/2.1.1/src/common/hardware_claim/claim.c.obj
                0x100006b0                hw_claim_unused_from_range
 .text.next_striped_spin_lock_num
                0x10000738       0x18 CMakeFiles/Lancha.dir/C_/Users/LENOVO/.pico-sdk/sdk/2.1.1/src/rp2_common/hardware_sync/sync.c.obj
                0x10000738                next_striped_spin_lock_num
 .text.spin_lock_claim_unused
                0x10000750       0x24 CMakeFiles/Lancha.dir/C_/Users/LENOVO/.pico-sdk/sdk/2.1.1/src/rp2_common/hardware_sync/sync.c.obj
                0x10000750                spin_lock_claim_unused
 .text.spin_locks_reset
                0x10000774       0x1c CMakeFiles/Lancha.dir/C_/Users/LENOVO/.pico-sdk/sdk/2.1.1/src/rp2_common/hardware_sync_spin_lock/sync_spin_lock.c.obj
                0x10000774                spin_locks_reset
 .text.runtime_init_per_core_irq_priorities
                0x10000790       0x24 CMakeFiles/Lancha.dir/C_/Users/LENOVO/.pico-sdk/sdk/2.1.1/src/rp2_common/hardware_irq/irq.c.obj
                0x10000790                runtime_init_per_core_irq_priorities
 .text.irq_set_enabled
                0x100007b4       0x24 CMakeFiles/Lancha.dir/C_/Users/LENOVO/.pico-sdk/sdk/2.1.1/src/rp2_common/hardware_irq/irq.c.obj
                0x100007b4                irq_set_enabled
 .text.irq_is_enabled
                0x100007d8       0x18 CMakeFiles/Lancha.dir/C_/Users/LENOVO/.pico-sdk/sdk/2.1.1/src/rp2_common/hardware_irq/irq.c.obj
                0x100007d8                irq_is_enabled
 .text.irq_set_pending
                0x100007f0       0x10 CMakeFiles/Lancha.dir/C_/Users/LENOVO/.pico-sdk/sdk/2.1.1/src/rp2_common/hardware_irq/irq.c.obj
                0x100007f0                irq_set_pending
 .text.irq_has_shared_handler
                0x10000800       0x24 CMakeFiles/Lancha.dir/C_/Users/LENOVO/.pico-sdk/sdk/2.1.1/src/rp2_common/hardware_irq/irq.c.obj
                0x10000800                irq_has_shared_handler
 .text.irq_set_exclusive_handler
                0x10000824       0x54 CMakeFiles/Lancha.dir/C_/Users/LENOVO/.pico-sdk/sdk/2.1.1/src/rp2_common/hardware_irq/irq.c.obj
                0x10000824                irq_set_exclusive_handler
 .text.irq_add_shared_handler
                0x10000878      0x1f4 CMakeFiles/Lancha.dir/C_/Users/LENOVO/.pico-sdk/sdk/2.1.1/src/rp2_common/hardware_irq/irq.c.obj
                0x10000878                irq_add_shared_handler
 .text.irq_remove_handler
                0x10000a6c      0x1d4 CMakeFiles/Lancha.dir/C_/Users/LENOVO/.pico-sdk/sdk/2.1.1/src/rp2_common/hardware_irq/irq.c.obj
                0x10000a6c                irq_remove_handler
 .text.irq_add_tail_to_free_list
                0x10000c40       0xb4 CMakeFiles/Lancha.dir/C_/Users/LENOVO/.pico-sdk/sdk/2.1.1/src/rp2_common/hardware_irq/irq.c.obj
                0x10000c40                irq_add_tail_to_free_list
 .text.user_irq_claim_unused
                0x10000cf4       0x2c CMakeFiles/Lancha.dir/C_/Users/LENOVO/.pico-sdk/sdk/2.1.1/src/rp2_common/hardware_irq/irq.c.obj
                0x10000cf4                user_irq_claim_unused
 .text.lock_init
                0x10000d20       0x10 CMakeFiles/Lancha.dir/C_/Users/LENOVO/.pico-sdk/sdk/2.1.1/src/common/pico_sync/lock_core.c.obj
                0x10000d20                lock_init
 .text.runtime_init_mutex
                0x10000d30       0x50 CMakeFiles/Lancha.dir/C_/Users/LENOVO/.pico-sdk/sdk/2.1.1/src/common/pico_sync/mutex.c.obj
                0x10000d30                runtime_init_mutex
 .text.mutex_init
                0x10000d80       0x1c CMakeFiles/Lancha.dir/C_/Users/LENOVO/.pico-sdk/sdk/2.1.1/src/common/pico_sync/mutex.c.obj
                0x10000d80                mutex_init
 .text.critical_section_init
                0x10000d9c       0x1c CMakeFiles/Lancha.dir/C_/Users/LENOVO/.pico-sdk/sdk/2.1.1/src/common/pico_sync/critical_section.c.obj
                0x10000d9c                critical_section_init
 .text.critical_section_init_with_lock_num
                0x10000db8       0x14 CMakeFiles/Lancha.dir/C_/Users/LENOVO/.pico-sdk/sdk/2.1.1/src/common/pico_sync/critical_section.c.obj
                0x10000db8                critical_section_init_with_lock_num
 .text.sleep_until_callback
                0x10000dcc       0x30 CMakeFiles/Lancha.dir/C_/Users/LENOVO/.pico-sdk/sdk/2.1.1/src/common/pico_time/time.c.obj
 .text.alarm_pool_irq_handler
                0x10000dfc      0x300 CMakeFiles/Lancha.dir/C_/Users/LENOVO/.pico-sdk/sdk/2.1.1/src/common/pico_time/time.c.obj
 .text.runtime_init_default_alarm_pool
                0x100010fc       0xdc CMakeFiles/Lancha.dir/C_/Users/LENOVO/.pico-sdk/sdk/2.1.1/src/common/pico_time/time.c.obj
                0x100010fc                runtime_init_default_alarm_pool
 .text.alarm_pool_get_default
                0x100011d8        0x8 CMakeFiles/Lancha.dir/C_/Users/LENOVO/.pico-sdk/sdk/2.1.1/src/common/pico_time/time.c.obj
                0x100011d8                alarm_pool_get_default
 .text.alarm_pool_add_alarm_at
                0x100011e0       0xd0 CMakeFiles/Lancha.dir/C_/Users/LENOVO/.pico-sdk/sdk/2.1.1/src/common/pico_time/time.c.obj
                0x100011e0                alarm_pool_add_alarm_at
 .text.alarm_pool_add_alarm_at_force_in_context
                0x100012b0       0xb0 CMakeFiles/Lancha.dir/C_/Users/LENOVO/.pico-sdk/sdk/2.1.1/src/common/pico_time/time.c.obj
                0x100012b0                alarm_pool_add_alarm_at_force_in_context
 .text.alarm_pool_cancel_alarm
                0x10001360       0x74 CMakeFiles/Lancha.dir/C_/Users/LENOVO/.pico-sdk/sdk/2.1.1/src/common/pico_time/time.c.obj
                0x10001360                alarm_pool_cancel_alarm
 .text.alarm_pool_core_num
                0x100013d4        0x4 CMakeFiles/Lancha.dir/C_/Users/LENOVO/.pico-sdk/sdk/2.1.1/src/common/pico_time/time.c.obj
                0x100013d4                alarm_pool_core_num
 .text.sleep_ms
                0x100013d8       0xfc CMakeFiles/Lancha.dir/C_/Users/LENOVO/.pico-sdk/sdk/2.1.1/src/common/pico_time/time.c.obj
                0x100013d8                sleep_ms
 .text.best_effort_wfe_or_timeout
                0x100014d4      0x10c CMakeFiles/Lancha.dir/C_/Users/LENOVO/.pico-sdk/sdk/2.1.1/src/common/pico_time/time.c.obj
                0x100014d4                best_effort_wfe_or_timeout
 .text.timer_hardware_alarm_claim
                0x100015e0       0x14 CMakeFiles/Lancha.dir/C_/Users/LENOVO/.pico-sdk/sdk/2.1.1/src/rp2_common/hardware_timer/timer.c.obj
                0x100015e0                timer_hardware_alarm_claim
 .text.timer_time_us_64
                0x100015f4       0x10 CMakeFiles/Lancha.dir/C_/Users/LENOVO/.pico-sdk/sdk/2.1.1/src/rp2_common/hardware_timer/timer.c.obj
                0x100015f4                timer_time_us_64
 .text.time_us_64
                0x10001604       0x14 CMakeFiles/Lancha.dir/C_/Users/LENOVO/.pico-sdk/sdk/2.1.1/src/rp2_common/hardware_timer/timer.c.obj
                0x10001604                time_us_64
 .text.busy_wait_us
                0x10001618       0x68 CMakeFiles/Lancha.dir/C_/Users/LENOVO/.pico-sdk/sdk/2.1.1/src/rp2_common/hardware_timer/timer.c.obj
                0x10001618                busy_wait_us
 .text.busy_wait_until
                0x10001680       0x20 CMakeFiles/Lancha.dir/C_/Users/LENOVO/.pico-sdk/sdk/2.1.1/src/rp2_common/hardware_timer/timer.c.obj
                0x10001680                busy_wait_until
 .text.uart_init
                0x100016a0      0x120 CMakeFiles/Lancha.dir/C_/Users/LENOVO/.pico-sdk/sdk/2.1.1/src/rp2_common/hardware_uart/uart.c.obj
                0x100016a0                uart_init
 .text.clock_configure_int_divider
                0x100017c0       0xf4 CMakeFiles/Lancha.dir/C_/Users/LENOVO/.pico-sdk/sdk/2.1.1/src/rp2_common/hardware_clocks/clocks.c.obj
                0x100017c0                clock_configure_int_divider
 .text.clock_configure_undivided
                0x100018b4       0xe8 CMakeFiles/Lancha.dir/C_/Users/LENOVO/.pico-sdk/sdk/2.1.1/src/rp2_common/hardware_clocks/clocks.c.obj
                0x100018b4                clock_configure_undivided
 .text.clock_get_hz
                0x1000199c        0xc CMakeFiles/Lancha.dir/C_/Users/LENOVO/.pico-sdk/sdk/2.1.1/src/rp2_common/hardware_clocks/clocks.c.obj
                0x1000199c                clock_get_hz
 .text.pll_init
                0x100019a8       0xa4 CMakeFiles/Lancha.dir/C_/Users/LENOVO/.pico-sdk/sdk/2.1.1/src/rp2_common/hardware_pll/pll.c.obj
                0x100019a8                pll_init
 .text.watchdog_reboot
                0x10001a4c       0x9c CMakeFiles/Lancha.dir/C_/Users/LENOVO/.pico-sdk/sdk/2.1.1/src/rp2_common/hardware_watchdog/watchdog.c.obj
                0x10001a4c                watchdog_reboot
 .text.tick_start
                0x10001ae8       0x10 CMakeFiles/Lancha.dir/C_/Users/LENOVO/.pico-sdk/sdk/2.1.1/src/rp2_common/hardware_ticks/ticks.c.obj
                0x10001ae8                tick_start
 .text.rom_func_lookup
                0x10001af8       0x10 CMakeFiles/Lancha.dir/C_/Users/LENOVO/.pico-sdk/sdk/2.1.1/src/rp2_common/pico_bootrom/bootrom.c.obj
                0x10001af8                rom_func_lookup
 .text.rom_data_lookup
                0x10001b08       0x10 CMakeFiles/Lancha.dir/C_/Users/LENOVO/.pico-sdk/sdk/2.1.1/src/rp2_common/pico_bootrom/bootrom.c.obj
                0x10001b08                rom_data_lookup
 .text.rom_funcs_lookup
                0x10001b18       0x44 CMakeFiles/Lancha.dir/C_/Users/LENOVO/.pico-sdk/sdk/2.1.1/src/rp2_common/pico_bootrom/bootrom.c.obj
                0x10001b18                rom_funcs_lookup
 .text.rom_reset_usb_boot_extra
                0x10001b5c       0x24 CMakeFiles/Lancha.dir/C_/Users/LENOVO/.pico-sdk/sdk/2.1.1/src/rp2_common/pico_bootrom/bootrom.c.obj
                0x10001b5c                rom_reset_usb_boot_extra
 .text.xosc_init
                0x10001b80       0x28 CMakeFiles/Lancha.dir/C_/Users/LENOVO/.pico-sdk/sdk/2.1.1/src/rp2_common/hardware_xosc/xosc.c.obj
                0x10001b80                xosc_init
 .text.first_per_core_initializer
                0x10001ba8        0x4 CMakeFiles/Lancha.dir/C_/Users/LENOVO/.pico-sdk/sdk/2.1.1/src/rp2_common/pico_runtime/runtime.c.obj
 .text.hard_assertion_failure
                0x10001bac        0xc CMakeFiles/Lancha.dir/C_/Users/LENOVO/.pico-sdk/sdk/2.1.1/src/rp2_common/pico_runtime/runtime.c.obj
                0x10001bac                hard_assertion_failure
 .text.runtime_run_initializers
                0x10001bb8       0x28 CMakeFiles/Lancha.dir/C_/Users/LENOVO/.pico-sdk/sdk/2.1.1/src/rp2_common/pico_runtime/runtime.c.obj
                0x10001bb8                runtime_run_initializers
 .text.runtime_init_early_resets
                0x10001be0       0x2c CMakeFiles/Lancha.dir/C_/Users/LENOVO/.pico-sdk/sdk/2.1.1/src/rp2_common/pico_runtime_init/runtime_init.c.obj
                0x10001be0                runtime_init_early_resets
 .text.runtime_init_usb_power_down
                0x10001c0c       0x1c CMakeFiles/Lancha.dir/C_/Users/LENOVO/.pico-sdk/sdk/2.1.1/src/rp2_common/pico_runtime_init/runtime_init.c.obj
                0x10001c0c                runtime_init_usb_power_down
 .text.runtime_init_post_clock_resets
                0x10001c28       0x20 CMakeFiles/Lancha.dir/C_/Users/LENOVO/.pico-sdk/sdk/2.1.1/src/rp2_common/pico_runtime_init/runtime_init.c.obj
                0x10001c28                runtime_init_post_clock_resets
 .text.runtime_init_rp2040_gpio_ie_disable
                0x10001c48       0x14 CMakeFiles/Lancha.dir/C_/Users/LENOVO/.pico-sdk/sdk/2.1.1/src/rp2_common/pico_runtime_init/runtime_init.c.obj
                0x10001c48                runtime_init_rp2040_gpio_ie_disable
 .text.runtime_init_spin_locks_reset
                0x10001c5c        0x8 CMakeFiles/Lancha.dir/C_/Users/LENOVO/.pico-sdk/sdk/2.1.1/src/rp2_common/pico_runtime_init/runtime_init.c.obj
                0x10001c5c                runtime_init_spin_locks_reset
 .text.runtime_init_install_ram_vector_table
                0x10001c64       0x1c CMakeFiles/Lancha.dir/C_/Users/LENOVO/.pico-sdk/sdk/2.1.1/src/rp2_common/pico_runtime_init/runtime_init.c.obj
                0x10001c64                runtime_init_install_ram_vector_table
 .text.runtime_init_clocks
                0x10001c80       0xd8 CMakeFiles/Lancha.dir/C_/Users/LENOVO/.pico-sdk/sdk/2.1.1/src/rp2_common/pico_runtime_init/runtime_init_clocks.c.obj
                0x10001c80                runtime_init_clocks
 .text          0x10001d58       0x10 CMakeFiles/Lancha.dir/C_/Users/LENOVO/.pico-sdk/sdk/2.1.1/src/rp2_common/pico_bit_ops/bit_ops_aeabi.S.obj
 .text.__wrap___aeabi_idiv
                0x10001d68       0x50 CMakeFiles/Lancha.dir/C_/Users/LENOVO/.pico-sdk/sdk/2.1.1/src/rp2_common/pico_divider/divider_hardware.S.obj
                0x10001d68                __wrap___aeabi_idivmod
                0x10001d68                divmod_s32s32
                0x10001d68                div_s32s32
                0x10001d68                __wrap___aeabi_idiv
                0x10001d70                divmod_s32s32_unsafe
                0x10001d9c                divmod_s32s32_savestate
 .text.__wrap___aeabi_uidiv
                0x10001db8       0x4c CMakeFiles/Lancha.dir/C_/Users/LENOVO/.pico-sdk/sdk/2.1.1/src/rp2_common/pico_divider/divider_hardware.S.obj
                0x10001db8                __wrap___aeabi_uidiv
                0x10001db8                __wrap___aeabi_uidivmod
                0x10001db8                div_u32u32
                0x10001db8                divmod_u32u32
                0x10001dc0                divmod_u32u32_unsafe
                0x10001de8                divmod_u32u32_savestate
 .text.__wrap___aeabi_ldiv
                0x10001e04      0x424 CMakeFiles/Lancha.dir/C_/Users/LENOVO/.pico-sdk/sdk/2.1.1/src/rp2_common/pico_divider/divider_hardware.S.obj
                0x10001e04                div_s64s64
                0x10001e04                divmod_s64s64
                0x10001e04                __wrap___aeabi_ldivmod
                0x10001e34                divmod_u64u64
                0x10001e34                div_u64u64
                0x10001e34                __wrap___aeabi_uldivmod
                0x10001e44                divmod_u64u64_savestate
                0x10001e64                divmod_s64s64_unsafe
                0x10001eec                divmod_u64u64_unsafe
 .text.__wrap___aeabi_darithmetic
                0x10002228       0x80 CMakeFiles/Lancha.dir/C_/Users/LENOVO/.pico-sdk/sdk/2.1.1/src/rp2_common/pico_double/double_aeabi_rp2040.S.obj
                0x10002228                __wrap___aeabi_drsub
                0x1000222e                __wrap___aeabi_dsub
                0x10002240                __wrap___aeabi_dadd
                0x10002252                __wrap___aeabi_ddiv
                0x1000228e                __wrap___aeabi_dmul
 .text.__wrap___aeabi_cdcmple
                0x100022a8       0x6c CMakeFiles/Lancha.dir/C_/Users/LENOVO/.pico-sdk/sdk/2.1.1/src/rp2_common/pico_double/double_aeabi_rp2040.S.obj
                0x100022a8                __wrap___aeabi_cdrcmple
                0x100022b8                __wrap___aeabi_cdcmpeq
                0x100022b8                __wrap___aeabi_cdcmple
 .text.__wrap___aeabi_dcmplt
                0x10002314        0xc CMakeFiles/Lancha.dir/C_/Users/LENOVO/.pico-sdk/sdk/2.1.1/src/rp2_common/pico_double/double_aeabi_rp2040.S.obj
                0x10002314                __wrap___aeabi_dcmplt
 .text.__wrap___aeabi_dcmple
                0x10002320       0x10 CMakeFiles/Lancha.dir/C_/Users/LENOVO/.pico-sdk/sdk/2.1.1/src/rp2_common/pico_double/double_aeabi_rp2040.S.obj
                0x10002320                __wrap___aeabi_dcmple
 .text.__wrap___aeabi_dcmpge
                0x10002330       0x10 CMakeFiles/Lancha.dir/C_/Users/LENOVO/.pico-sdk/sdk/2.1.1/src/rp2_common/pico_double/double_aeabi_rp2040.S.obj
                0x10002330                __wrap___aeabi_dcmpge
 .text.__wrap___aeabi_dcmpgt
                0x10002340        0xa CMakeFiles/Lancha.dir/C_/Users/LENOVO/.pico-sdk/sdk/2.1.1/src/rp2_common/pico_double/double_aeabi_rp2040.S.obj
                0x10002340                __wrap___aeabi_dcmpgt
 .text.__wrap___aeabi_dcmpun
                0x1000234a       0x18 CMakeFiles/Lancha.dir/C_/Users/LENOVO/.pico-sdk/sdk/2.1.1/src/rp2_common/pico_double/double_aeabi_rp2040.S.obj
                0x1000234a                __wrap___aeabi_dcmpun
 *fill*         0x10002362        0x2 
 .text.__wrap___aeabi_i2d
                0x10002364       0x38 CMakeFiles/Lancha.dir/C_/Users/LENOVO/.pico-sdk/sdk/2.1.1/src/rp2_common/pico_double/double_aeabi_rp2040.S.obj
                0x10002364                uint2double
                0x10002364                __wrap___aeabi_ui2d
                0x1000236c                int2double
                0x1000236c                __wrap___aeabi_i2d
 .text.__wrap___aeabi_d2iz
                0x1000239c       0x48 CMakeFiles/Lancha.dir/C_/Users/LENOVO/.pico-sdk/sdk/2.1.1/src/rp2_common/pico_double/double_aeabi_rp2040.S.obj
                0x1000239c                double2int_z
                0x1000239c                __wrap___aeabi_d2iz
 .text.__wrap___aeabi_d2uiz
                0x100023e4       0x18 CMakeFiles/Lancha.dir/C_/Users/LENOVO/.pico-sdk/sdk/2.1.1/src/rp2_common/pico_double/double_aeabi_rp2040.S.obj
                0x100023e4                double2uint
                0x100023e4                __wrap___aeabi_d2uiz
                0x100023e4                double2uint_z
 .text.__aeabi_double_init
                0x100023fc       0xa4 CMakeFiles/Lancha.dir/C_/Users/LENOVO/.pico-sdk/sdk/2.1.1/src/rp2_common/pico_double/double_init_rom_rp2040.c.obj
                0x100023fc                __aeabi_double_init
 .text.double_table_shim_on_use_helper
                0x100024a0       0x2c CMakeFiles/Lancha.dir/C_/Users/LENOVO/.pico-sdk/sdk/2.1.1/src/rp2_common/pico_double/double_v1_rom_shim_rp2040.S.obj
                0x100024a0                double_table_shim_on_use_helper
 .text.__wrap___aeabi_dsub
                0x100024cc       0x10 CMakeFiles/Lancha.dir/C_/Users/LENOVO/.pico-sdk/sdk/2.1.1/src/rp2_common/pico_double/double_v1_rom_shim_rp2040.S.obj
                0x100024cc                drsub_shim
                0x100024d2                dsub_shim
 .text.dadd_shim
                0x100024dc      0x15c CMakeFiles/Lancha.dir/C_/Users/LENOVO/.pico-sdk/sdk/2.1.1/src/rp2_common/pico_double/double_v1_rom_shim_rp2040.S.obj
                0x100024dc                dadd_shim
 .text.dmul_shim
                0x10002638      0x15c CMakeFiles/Lancha.dir/C_/Users/LENOVO/.pico-sdk/sdk/2.1.1/src/rp2_common/pico_double/double_v1_rom_shim_rp2040.S.obj
                0x10002638                dmul_shim
 .text.ddiv_shim
                0x10002794      0x1b0 CMakeFiles/Lancha.dir/C_/Users/LENOVO/.pico-sdk/sdk/2.1.1/src/rp2_common/pico_double/double_v1_rom_shim_rp2040.S.obj
                0x10002794                ddiv_shim
 .text.double2uint_shim
                0x10002944        0xe CMakeFiles/Lancha.dir/C_/Users/LENOVO/.pico-sdk/sdk/2.1.1/src/rp2_common/pico_double/double_v1_rom_shim_rp2040.S.obj
                0x10002944                double2uint_shim
                0x10002946                double2ufix_shim
 *fill*         0x10002952        0x2 
 .text.double2uint64_shim
                0x10002954       0x70 CMakeFiles/Lancha.dir/C_/Users/LENOVO/.pico-sdk/sdk/2.1.1/src/rp2_common/pico_double/double_v1_rom_shim_rp2040.S.obj
                0x10002954                double2uint64_shim
                0x10002956                double2ufix64_shim
                0x10002976                d2fix_a
 .text.dunpacks
                0x100029c4       0x3c CMakeFiles/Lancha.dir/C_/Users/LENOVO/.pico-sdk/sdk/2.1.1/src/rp2_common/pico_double/double_v1_rom_shim_rp2040.S.obj
                0x100029c4                dunpacks
 .text.__aeabi_lmul
                0x10002a00       0x32 CMakeFiles/Lancha.dir/C_/Users/LENOVO/.pico-sdk/sdk/2.1.1/src/rp2_common/pico_int64_ops/pico_int64_ops_aeabi.S.obj
                0x10002a00                __wrap___aeabi_lmul
 *fill*         0x10002a32        0x2 
 .text.__wrap___aeabi_farithmetic
                0x10002a34       0x48 CMakeFiles/Lancha.dir/C_/Users/LENOVO/.pico-sdk/sdk/2.1.1/src/rp2_common/pico_float/float_aeabi_rp2040.S.obj
                0x10002a34                __wrap___aeabi_frsub
                0x10002a3a                __wrap___aeabi_fsub
                0x10002a40                __wrap___aeabi_fadd
                0x10002a46                __wrap___aeabi_fdiv
                0x10002a6e                __wrap___aeabi_fmul
 .text.__wrap___aeabi_cfcmple
                0x10002a7c       0x50 CMakeFiles/Lancha.dir/C_/Users/LENOVO/.pico-sdk/sdk/2.1.1/src/rp2_common/pico_float/float_aeabi_rp2040.S.obj
                0x10002a7c                __wrap___aeabi_cfrcmple
                0x10002a88                __wrap___aeabi_cfcmple
                0x10002a88                __wrap___aeabi_cfcmpeq
 .text.__wrap___aeabi_fcmpgt
                0x10002acc        0xa CMakeFiles/Lancha.dir/C_/Users/LENOVO/.pico-sdk/sdk/2.1.1/src/rp2_common/pico_float/float_aeabi_rp2040.S.obj
                0x10002acc                __wrap___aeabi_fcmpgt
 *fill*         0x10002ad6        0x2 
 .text.__wrap___aeabi_i2f
                0x10002ad8       0x44 CMakeFiles/Lancha.dir/C_/Users/LENOVO/.pico-sdk/sdk/2.1.1/src/rp2_common/pico_float/float_aeabi_rp2040.S.obj
                0x10002ad8                __wrap___aeabi_i2f
                0x10002ad8                int2float
 .text.__wrap___aeabi_f2d
                0x10002b1c       0x14 CMakeFiles/Lancha.dir/C_/Users/LENOVO/.pico-sdk/sdk/2.1.1/src/rp2_common/pico_float/float_aeabi_rp2040.S.obj
                0x10002b1c                __wrap___aeabi_f2d
 .text.__wrap_sqrtf
                0x10002b30       0x20 CMakeFiles/Lancha.dir/C_/Users/LENOVO/.pico-sdk/sdk/2.1.1/src/rp2_common/pico_float/float_aeabi_rp2040.S.obj
                0x10002b30                __wrap_sqrtf
 .text.__aeabi_float_init
                0x10002b50       0x64 CMakeFiles/Lancha.dir/C_/Users/LENOVO/.pico-sdk/sdk/2.1.1/src/rp2_common/pico_float/float_init_rom_rp2040.c.obj
                0x10002b50                __aeabi_float_init
 .text.float_table_shim_on_use_helper
                0x10002bb4       0x2c CMakeFiles/Lancha.dir/C_/Users/LENOVO/.pico-sdk/sdk/2.1.1/src/rp2_common/pico_float/float_v1_rom_shim_rp2040.S.obj
                0x10002bb4                float_table_shim_on_use_helper
 .text.float2double_shim
                0x10002be0       0x30 CMakeFiles/Lancha.dir/C_/Users/LENOVO/.pico-sdk/sdk/2.1.1/src/rp2_common/pico_float/float_v1_rom_shim_rp2040.S.obj
                0x10002be0                float2double_shim
 .text          0x10002c10       0x10 CMakeFiles/Lancha.dir/C_/Users/LENOVO/.pico-sdk/sdk/2.1.1/src/rp2_common/pico_mem_ops/mem_ops_aeabi.S.obj
                0x10002c10                __aeabi_mem_init
 .text.memset   0x10002c20        0xc CMakeFiles/Lancha.dir/C_/Users/LENOVO/.pico-sdk/sdk/2.1.1/src/rp2_common/pico_mem_ops/mem_ops_aeabi.S.obj
                0x10002c20                __wrap_memset
 .text.memcpy   0x10002c2c        0xc CMakeFiles/Lancha.dir/C_/Users/LENOVO/.pico-sdk/sdk/2.1.1/src/rp2_common/pico_mem_ops/mem_ops_aeabi.S.obj
                0x10002c2c                __wrap_memcpy
                0x10002c2c                __wrap___aeabi_memcpy
 .text._out_null
                0x10002c38        0x4 CMakeFiles/Lancha.dir/C_/Users/LENOVO/.pico-sdk/sdk/2.1.1/src/rp2_common/pico_printf/printf.c.obj
 .text._out_rev
                0x10002c3c       0xac CMakeFiles/Lancha.dir/C_/Users/LENOVO/.pico-sdk/sdk/2.1.1/src/rp2_common/pico_printf/printf.c.obj
 .text._ntoa_format
                0x10002ce8      0x1cc CMakeFiles/Lancha.dir/C_/Users/LENOVO/.pico-sdk/sdk/2.1.1/src/rp2_common/pico_printf/printf.c.obj
 .text._out_char
                0x10002eb4       0x10 CMakeFiles/Lancha.dir/C_/Users/LENOVO/.pico-sdk/sdk/2.1.1/src/rp2_common/pico_printf/printf.c.obj
 .text._out_fct
                0x10002ec4       0x10 CMakeFiles/Lancha.dir/C_/Users/LENOVO/.pico-sdk/sdk/2.1.1/src/rp2_common/pico_printf/printf.c.obj
 .text._ftoa    0x10002ed4      0x4a8 CMakeFiles/Lancha.dir/C_/Users/LENOVO/.pico-sdk/sdk/2.1.1/src/rp2_common/pico_printf/printf.c.obj
 .text._etoa    0x1000337c      0x57c CMakeFiles/Lancha.dir/C_/Users/LENOVO/.pico-sdk/sdk/2.1.1/src/rp2_common/pico_printf/printf.c.obj
 .text._vsnprintf
                0x100038f8      0xbe0 CMakeFiles/Lancha.dir/C_/Users/LENOVO/.pico-sdk/sdk/2.1.1/src/rp2_common/pico_printf/printf.c.obj
 .text.vfctprintf
                0x100044d8       0x24 CMakeFiles/Lancha.dir/C_/Users/LENOVO/.pico-sdk/sdk/2.1.1/src/rp2_common/pico_printf/printf.c.obj
                0x100044d8                vfctprintf
 .text.weak_raw_vprintf
                0x100044fc       0x30 CMakeFiles/Lancha.dir/C_/Users/LENOVO/.pico-sdk/sdk/2.1.1/src/rp2_common/pico_printf/printf.c.obj
                0x100044fc                weak_raw_vprintf
 .text._exit    0x1000452c        0x4 CMakeFiles/Lancha.dir/C_/Users/LENOVO/.pico-sdk/sdk/2.1.1/src/rp2_common/pico_clib_interface/newlib_interface.c.obj
                0x1000452c                _exit
 .text.exit     0x10004530        0x8 CMakeFiles/Lancha.dir/C_/Users/LENOVO/.pico-sdk/sdk/2.1.1/src/rp2_common/pico_clib_interface/newlib_interface.c.obj
                0x10004530                exit
 .text.runtime_init
                0x10004538       0x2c CMakeFiles/Lancha.dir/C_/Users/LENOVO/.pico-sdk/sdk/2.1.1/src/rp2_common/pico_clib_interface/newlib_interface.c.obj
                0x10004538                runtime_init
 .text.stdio_out_chars_no_crlf
                0x10004564       0x10 CMakeFiles/Lancha.dir/C_/Users/LENOVO/.pico-sdk/sdk/2.1.1/src/rp2_common/pico_stdio/stdio.c.obj
 .text.stdio_out_chars_crlf
                0x10004574       0xb0 CMakeFiles/Lancha.dir/C_/Users/LENOVO/.pico-sdk/sdk/2.1.1/src/rp2_common/pico_stdio/stdio.c.obj
 .text.stdio_buffered_printer
                0x10004624       0x64 CMakeFiles/Lancha.dir/C_/Users/LENOVO/.pico-sdk/sdk/2.1.1/src/rp2_common/pico_stdio/stdio.c.obj
 .text.stdio_put_string
                0x10004688       0xfc CMakeFiles/Lancha.dir/C_/Users/LENOVO/.pico-sdk/sdk/2.1.1/src/rp2_common/pico_stdio/stdio.c.obj
                0x10004688                stdio_put_string
 .text.stdio_set_driver_enabled
                0x10004784       0x30 CMakeFiles/Lancha.dir/C_/Users/LENOVO/.pico-sdk/sdk/2.1.1/src/rp2_common/pico_stdio/stdio.c.obj
                0x10004784                stdio_set_driver_enabled
 .text.stdio_init_all
                0x100047b4       0x10 CMakeFiles/Lancha.dir/C_/Users/LENOVO/.pico-sdk/sdk/2.1.1/src/rp2_common/pico_stdio/stdio.c.obj
                0x100047b4                stdio_init_all
 .text.__wrap_putchar
                0x100047c4       0x94 CMakeFiles/Lancha.dir/C_/Users/LENOVO/.pico-sdk/sdk/2.1.1/src/rp2_common/pico_stdio/stdio.c.obj
                0x100047c4                __wrap_putchar
                0x100047c4                stdio_putchar
 .text.__wrap_puts
                0x10004858       0x3c CMakeFiles/Lancha.dir/C_/Users/LENOVO/.pico-sdk/sdk/2.1.1/src/rp2_common/pico_stdio/stdio.c.obj
                0x10004858                stdio_puts
                0x10004858                __wrap_puts
 .text.__wrap_vprintf
                0x10004894       0xcc CMakeFiles/Lancha.dir/C_/Users/LENOVO/.pico-sdk/sdk/2.1.1/src/rp2_common/pico_stdio/stdio.c.obj
                0x10004894                stdio_vprintf
                0x10004894                __wrap_vprintf
 .text.__wrap_printf
                0x10004960       0x18 CMakeFiles/Lancha.dir/C_/Users/LENOVO/.pico-sdk/sdk/2.1.1/src/rp2_common/pico_stdio/stdio.c.obj
                0x10004960                __wrap_printf
                0x10004960                stdio_printf
 .text.stdio_uart_out_chars
                0x10004978       0x4c CMakeFiles/Lancha.dir/C_/Users/LENOVO/.pico-sdk/sdk/2.1.1/src/rp2_common/pico_stdio_uart/stdio_uart.c.obj
 .text.stdio_uart_in_chars
                0x100049c4       0x90 CMakeFiles/Lancha.dir/C_/Users/LENOVO/.pico-sdk/sdk/2.1.1/src/rp2_common/pico_stdio_uart/stdio_uart.c.obj
                0x100049c4                stdio_uart_in_chars
 .text.on_uart_rx
                0x10004a54       0x28 CMakeFiles/Lancha.dir/C_/Users/LENOVO/.pico-sdk/sdk/2.1.1/src/rp2_common/pico_stdio_uart/stdio_uart.c.obj
 .text.stdio_uart_out_flush
                0x10004a7c       0x14 CMakeFiles/Lancha.dir/C_/Users/LENOVO/.pico-sdk/sdk/2.1.1/src/rp2_common/pico_stdio_uart/stdio_uart.c.obj
 .text.stdio_uart_set_chars_available_callback
                0x10004a90       0x84 CMakeFiles/Lancha.dir/C_/Users/LENOVO/.pico-sdk/sdk/2.1.1/src/rp2_common/pico_stdio_uart/stdio_uart.c.obj
 .text.stdio_uart_init
                0x10004b14       0x50 CMakeFiles/Lancha.dir/C_/Users/LENOVO/.pico-sdk/sdk/2.1.1/src/rp2_common/pico_stdio_uart/stdio_uart.c.obj
                0x10004b14                stdio_uart_init
 .text.resetd_init
                0x10004b64        0x4 CMakeFiles/Lancha.dir/C_/Users/LENOVO/.pico-sdk/sdk/2.1.1/src/rp2_common/pico_stdio_usb/reset_interface.c.obj
 .text.resetd_reset
                0x10004b68        0xc CMakeFiles/Lancha.dir/C_/Users/LENOVO/.pico-sdk/sdk/2.1.1/src/rp2_common/pico_stdio_usb/reset_interface.c.obj
 .text.resetd_open
                0x10004b74       0x28 CMakeFiles/Lancha.dir/C_/Users/LENOVO/.pico-sdk/sdk/2.1.1/src/rp2_common/pico_stdio_usb/reset_interface.c.obj
 .text.resetd_xfer_cb
                0x10004b9c        0x4 CMakeFiles/Lancha.dir/C_/Users/LENOVO/.pico-sdk/sdk/2.1.1/src/rp2_common/pico_stdio_usb/reset_interface.c.obj
 .text.resetd_control_xfer_cb
                0x10004ba0       0x54 CMakeFiles/Lancha.dir/C_/Users/LENOVO/.pico-sdk/sdk/2.1.1/src/rp2_common/pico_stdio_usb/reset_interface.c.obj
 .text.tud_descriptor_bos_cb
                0x10004bf4        0x8 CMakeFiles/Lancha.dir/C_/Users/LENOVO/.pico-sdk/sdk/2.1.1/src/rp2_common/pico_stdio_usb/reset_interface.c.obj
                0x10004bf4                tud_descriptor_bos_cb
 .text.tud_vendor_control_xfer_cb
                0x10004bfc       0x34 CMakeFiles/Lancha.dir/C_/Users/LENOVO/.pico-sdk/sdk/2.1.1/src/rp2_common/pico_stdio_usb/reset_interface.c.obj
                0x10004bfc                tud_vendor_control_xfer_cb
 .text.usbd_app_driver_get_cb
                0x10004c30        0xc CMakeFiles/Lancha.dir/C_/Users/LENOVO/.pico-sdk/sdk/2.1.1/src/rp2_common/pico_stdio_usb/reset_interface.c.obj
                0x10004c30                usbd_app_driver_get_cb
 .text.tud_cdc_line_coding_cb
                0x10004c3c       0x2c CMakeFiles/Lancha.dir/C_/Users/LENOVO/.pico-sdk/sdk/2.1.1/src/rp2_common/pico_stdio_usb/reset_interface.c.obj
                0x10004c3c                tud_cdc_line_coding_cb
 .text.stdio_usb_set_chars_available_callback
                0x10004c68       0x14 CMakeFiles/Lancha.dir/C_/Users/LENOVO/.pico-sdk/sdk/2.1.1/src/rp2_common/pico_stdio_usb/stdio_usb.c.obj
                0x10004c68                stdio_usb_set_chars_available_callback
 .text.usb_irq  0x10004c7c       0x10 CMakeFiles/Lancha.dir/C_/Users/LENOVO/.pico-sdk/sdk/2.1.1/src/rp2_common/pico_stdio_usb/stdio_usb.c.obj
 .text.timer_task
                0x10004c8c       0x64 CMakeFiles/Lancha.dir/C_/Users/LENOVO/.pico-sdk/sdk/2.1.1/src/rp2_common/pico_stdio_usb/stdio_usb.c.obj
 .text.stdio_usb_in_chars
                0x10004cf0       0x8c CMakeFiles/Lancha.dir/C_/Users/LENOVO/.pico-sdk/sdk/2.1.1/src/rp2_common/pico_stdio_usb/stdio_usb.c.obj
                0x10004cf0                stdio_usb_in_chars
 .text.stdio_usb_out_flush
                0x10004d7c       0x4c CMakeFiles/Lancha.dir/C_/Users/LENOVO/.pico-sdk/sdk/2.1.1/src/rp2_common/pico_stdio_usb/stdio_usb.c.obj
 .text.stdio_usb_out_chars
                0x10004dc8      0x100 CMakeFiles/Lancha.dir/C_/Users/LENOVO/.pico-sdk/sdk/2.1.1/src/rp2_common/pico_stdio_usb/stdio_usb.c.obj
 .text.low_priority_worker_irq
                0x10004ec8       0xc8 CMakeFiles/Lancha.dir/C_/Users/LENOVO/.pico-sdk/sdk/2.1.1/src/rp2_common/pico_stdio_usb/stdio_usb.c.obj
 .text.stdio_usb_init
                0x10004f90       0xe8 CMakeFiles/Lancha.dir/C_/Users/LENOVO/.pico-sdk/sdk/2.1.1/src/rp2_common/pico_stdio_usb/stdio_usb.c.obj
                0x10004f90                stdio_usb_init
 .text.tud_descriptor_device_cb
                0x10005078        0x8 CMakeFiles/Lancha.dir/C_/Users/LENOVO/.pico-sdk/sdk/2.1.1/src/rp2_common/pico_stdio_usb/stdio_usb_descriptors.c.obj
                0x10005078                tud_descriptor_device_cb
 .text.tud_descriptor_configuration_cb
                0x10005080        0x8 CMakeFiles/Lancha.dir/C_/Users/LENOVO/.pico-sdk/sdk/2.1.1/src/rp2_common/pico_stdio_usb/stdio_usb_descriptors.c.obj
                0x10005080                tud_descriptor_configuration_cb
 .text.tud_descriptor_string_cb
                0x10005088       0x78 CMakeFiles/Lancha.dir/C_/Users/LENOVO/.pico-sdk/sdk/2.1.1/src/rp2_common/pico_stdio_usb/stdio_usb_descriptors.c.obj
                0x10005088                tud_descriptor_string_cb
 .text.startup._retrieve_unique_id_on_boot
                0x10005100       0x10 CMakeFiles/Lancha.dir/C_/Users/LENOVO/.pico-sdk/sdk/2.1.1/src/rp2_common/pico_unique_id/unique_id.c.obj
 .text.pico_get_unique_board_id_string
                0x10005110      0x1a8 CMakeFiles/Lancha.dir/C_/Users/LENOVO/.pico-sdk/sdk/2.1.1/src/rp2_common/pico_unique_id/unique_id.c.obj
                0x10005110                pico_get_unique_board_id_string
 .text.flash_get_unique_id
                0x100052b8       0x3c CMakeFiles/Lancha.dir/C_/Users/LENOVO/.pico-sdk/sdk/2.1.1/src/rp2_common/hardware_flash/flash.c.obj
                0x100052b8                flash_get_unique_id
 .text.dcd_init
                0x100052f4       0x90 CMakeFiles/Lancha.dir/C_/Users/LENOVO/.pico-sdk/sdk/2.1.1/lib/tinyusb/src/portable/raspberrypi/rp2040/dcd_rp2040.c.obj
                0x100052f4                dcd_init
 .text.dcd_int_enable
                0x10005384        0xc CMakeFiles/Lancha.dir/C_/Users/LENOVO/.pico-sdk/sdk/2.1.1/lib/tinyusb/src/portable/raspberrypi/rp2040/dcd_rp2040.c.obj
                0x10005384                dcd_int_enable
 .text.dcd_set_address
                0x10005390       0x14 CMakeFiles/Lancha.dir/C_/Users/LENOVO/.pico-sdk/sdk/2.1.1/lib/tinyusb/src/portable/raspberrypi/rp2040/dcd_rp2040.c.obj
                0x10005390                dcd_set_address
 .text.dcd_sof_enable
                0x100053a4       0x1c CMakeFiles/Lancha.dir/C_/Users/LENOVO/.pico-sdk/sdk/2.1.1/lib/tinyusb/src/portable/raspberrypi/rp2040/dcd_rp2040.c.obj
                0x100053a4                dcd_sof_enable
 .text.dcd_edpt0_status_complete
                0x100053c0       0x1c CMakeFiles/Lancha.dir/C_/Users/LENOVO/.pico-sdk/sdk/2.1.1/lib/tinyusb/src/portable/raspberrypi/rp2040/dcd_rp2040.c.obj
                0x100053c0                dcd_edpt0_status_complete
 .text.dcd_edpt_open
                0x100053dc      0x114 CMakeFiles/Lancha.dir/C_/Users/LENOVO/.pico-sdk/sdk/2.1.1/lib/tinyusb/src/portable/raspberrypi/rp2040/dcd_rp2040.c.obj
                0x100053dc                dcd_edpt_open
 .text.dcd_edpt_close_all
                0x100054f0        0x8 CMakeFiles/Lancha.dir/C_/Users/LENOVO/.pico-sdk/sdk/2.1.1/lib/tinyusb/src/portable/raspberrypi/rp2040/dcd_rp2040.c.obj
                0x100054f0                dcd_edpt_close_all
 .text.dcd_edpt_xfer
                0x100054f8       0x24 CMakeFiles/Lancha.dir/C_/Users/LENOVO/.pico-sdk/sdk/2.1.1/lib/tinyusb/src/portable/raspberrypi/rp2040/dcd_rp2040.c.obj
                0x100054f8                dcd_edpt_xfer
 .text.dcd_edpt_stall
                0x1000551c       0x3c CMakeFiles/Lancha.dir/C_/Users/LENOVO/.pico-sdk/sdk/2.1.1/lib/tinyusb/src/portable/raspberrypi/rp2040/dcd_rp2040.c.obj
                0x1000551c                dcd_edpt_stall
 .text.dcd_edpt_clear_stall
                0x10005558       0x30 CMakeFiles/Lancha.dir/C_/Users/LENOVO/.pico-sdk/sdk/2.1.1/lib/tinyusb/src/portable/raspberrypi/rp2040/dcd_rp2040.c.obj
                0x10005558                dcd_edpt_clear_stall
 .text.rp2040_usb_init
                0x10005588       0x40 CMakeFiles/Lancha.dir/C_/Users/LENOVO/.pico-sdk/sdk/2.1.1/lib/tinyusb/src/portable/raspberrypi/rp2040/rp2040_usb.c.obj
                0x10005588                rp2040_usb_init
 .text.hw_endpoint_xfer_start
                0x100055c8       0x40 CMakeFiles/Lancha.dir/C_/Users/LENOVO/.pico-sdk/sdk/2.1.1/lib/tinyusb/src/portable/raspberrypi/rp2040/rp2040_usb.c.obj
                0x100055c8                hw_endpoint_xfer_start
 .text.tud_event_hook_cb
                0x10005608        0x4 CMakeFiles/Lancha.dir/C_/Users/LENOVO/.pico-sdk/sdk/2.1.1/lib/tinyusb/src/device/usbd.c.obj
                0x10005608                tud_event_hook_cb
 .text.tud_sof_cb
                0x1000560c        0x4 CMakeFiles/Lancha.dir/C_/Users/LENOVO/.pico-sdk/sdk/2.1.1/lib/tinyusb/src/device/usbd.c.obj
                0x1000560c                tud_sof_cb
 .text.tud_descriptor_device_qualifier_cb
                0x10005610        0x4 CMakeFiles/Lancha.dir/C_/Users/LENOVO/.pico-sdk/sdk/2.1.1/lib/tinyusb/src/device/usbd.c.obj
                0x10005610                tud_descriptor_device_qualifier_cb
 .text.tud_descriptor_other_speed_configuration_cb
                0x10005614        0x4 CMakeFiles/Lancha.dir/C_/Users/LENOVO/.pico-sdk/sdk/2.1.1/lib/tinyusb/src/device/usbd.c.obj
                0x10005614                tud_descriptor_other_speed_configuration_cb
 .text.tud_mount_cb
                0x10005618        0x4 CMakeFiles/Lancha.dir/C_/Users/LENOVO/.pico-sdk/sdk/2.1.1/lib/tinyusb/src/device/usbd.c.obj
                0x10005618                tud_mount_cb
 .text.tud_umount_cb
                0x1000561c        0x4 CMakeFiles/Lancha.dir/C_/Users/LENOVO/.pico-sdk/sdk/2.1.1/lib/tinyusb/src/device/usbd.c.obj
                0x1000561c                tud_umount_cb
 .text.tud_suspend_cb
                0x10005620        0x4 CMakeFiles/Lancha.dir/C_/Users/LENOVO/.pico-sdk/sdk/2.1.1/lib/tinyusb/src/device/usbd.c.obj
                0x10005620                tud_suspend_cb
 .text.tud_resume_cb
                0x10005624        0x4 CMakeFiles/Lancha.dir/C_/Users/LENOVO/.pico-sdk/sdk/2.1.1/lib/tinyusb/src/device/usbd.c.obj
                0x10005624                tud_resume_cb
 .text.tud_mounted
                0x10005628       0x10 CMakeFiles/Lancha.dir/C_/Users/LENOVO/.pico-sdk/sdk/2.1.1/lib/tinyusb/src/device/usbd.c.obj
                0x10005628                tud_mounted
 .text.tud_suspended
                0x10005638       0x10 CMakeFiles/Lancha.dir/C_/Users/LENOVO/.pico-sdk/sdk/2.1.1/lib/tinyusb/src/device/usbd.c.obj
                0x10005638                tud_suspended
 .text.tud_rhport_init
                0x10005648       0xf4 CMakeFiles/Lancha.dir/C_/Users/LENOVO/.pico-sdk/sdk/2.1.1/lib/tinyusb/src/device/usbd.c.obj
                0x10005648                tud_rhport_init
 .text.tud_task_ext
                0x1000573c      0x800 CMakeFiles/Lancha.dir/C_/Users/LENOVO/.pico-sdk/sdk/2.1.1/lib/tinyusb/src/device/usbd.c.obj
                0x1000573c                tud_task_ext
 .text.usbd_open_edpt_pair
                0x10005f3c       0x9c CMakeFiles/Lancha.dir/C_/Users/LENOVO/.pico-sdk/sdk/2.1.1/lib/tinyusb/src/device/usbd.c.obj
                0x10005f3c                usbd_open_edpt_pair
 .text.usbd_edpt_open
                0x10005fd8       0x34 CMakeFiles/Lancha.dir/C_/Users/LENOVO/.pico-sdk/sdk/2.1.1/lib/tinyusb/src/device/usbd.c.obj
                0x10005fd8                usbd_edpt_open
 .text.usbd_edpt_claim
                0x1000600c       0x28 CMakeFiles/Lancha.dir/C_/Users/LENOVO/.pico-sdk/sdk/2.1.1/lib/tinyusb/src/device/usbd.c.obj
                0x1000600c                usbd_edpt_claim
 .text.usbd_edpt_release
                0x10006034       0x28 CMakeFiles/Lancha.dir/C_/Users/LENOVO/.pico-sdk/sdk/2.1.1/lib/tinyusb/src/device/usbd.c.obj
                0x10006034                usbd_edpt_release
 .text.usbd_edpt_xfer
                0x1000605c       0x4c CMakeFiles/Lancha.dir/C_/Users/LENOVO/.pico-sdk/sdk/2.1.1/lib/tinyusb/src/device/usbd.c.obj
                0x1000605c                usbd_edpt_xfer
 .text.tud_control_status
                0x100060a8       0x2c CMakeFiles/Lancha.dir/C_/Users/LENOVO/.pico-sdk/sdk/2.1.1/lib/tinyusb/src/device/usbd_control.c.obj
                0x100060a8                tud_control_status
 .text.tud_control_xfer
                0x100060d4       0xa8 CMakeFiles/Lancha.dir/C_/Users/LENOVO/.pico-sdk/sdk/2.1.1/lib/tinyusb/src/device/usbd_control.c.obj
                0x100060d4                tud_control_xfer
 .text.usbd_control_reset
                0x1000617c       0x14 CMakeFiles/Lancha.dir/C_/Users/LENOVO/.pico-sdk/sdk/2.1.1/lib/tinyusb/src/device/usbd_control.c.obj
                0x1000617c                usbd_control_reset
 .text.usbd_control_set_complete_callback
                0x10006190        0xc CMakeFiles/Lancha.dir/C_/Users/LENOVO/.pico-sdk/sdk/2.1.1/lib/tinyusb/src/device/usbd_control.c.obj
                0x10006190                usbd_control_set_complete_callback
 .text.usbd_control_set_request
                0x1000619c       0x1c CMakeFiles/Lancha.dir/C_/Users/LENOVO/.pico-sdk/sdk/2.1.1/lib/tinyusb/src/device/usbd_control.c.obj
                0x1000619c                usbd_control_set_request
 .text.usbd_control_xfer_cb
                0x100061b8       0xec CMakeFiles/Lancha.dir/C_/Users/LENOVO/.pico-sdk/sdk/2.1.1/lib/tinyusb/src/device/usbd_control.c.obj
                0x100061b8                usbd_control_xfer_cb
 .text._prep_out_transaction.isra.0
                0x100062a4       0x6c CMakeFiles/Lancha.dir/C_/Users/LENOVO/.pico-sdk/sdk/2.1.1/lib/tinyusb/src/class/cdc/cdc_device.c.obj
 .text.tud_cdc_n_connected
                0x10006310       0x2c CMakeFiles/Lancha.dir/C_/Users/LENOVO/.pico-sdk/sdk/2.1.1/lib/tinyusb/src/class/cdc/cdc_device.c.obj
                0x10006310                tud_cdc_n_connected
 .text.tud_cdc_n_available
                0x1000633c       0x14 CMakeFiles/Lancha.dir/C_/Users/LENOVO/.pico-sdk/sdk/2.1.1/lib/tinyusb/src/class/cdc/cdc_device.c.obj
                0x1000633c                tud_cdc_n_available
 .text.tud_cdc_n_read
                0x10006350       0x88 CMakeFiles/Lancha.dir/C_/Users/LENOVO/.pico-sdk/sdk/2.1.1/lib/tinyusb/src/class/cdc/cdc_device.c.obj
                0x10006350                tud_cdc_n_read
 .text.tud_cdc_n_write_flush
                0x100063d8       0x74 CMakeFiles/Lancha.dir/C_/Users/LENOVO/.pico-sdk/sdk/2.1.1/lib/tinyusb/src/class/cdc/cdc_device.c.obj
                0x100063d8                tud_cdc_n_write_flush
 .text.tud_cdc_n_write
                0x1000644c       0x40 CMakeFiles/Lancha.dir/C_/Users/LENOVO/.pico-sdk/sdk/2.1.1/lib/tinyusb/src/class/cdc/cdc_device.c.obj
                0x1000644c                tud_cdc_n_write
 .text.tud_cdc_n_write_available
                0x1000648c       0x14 CMakeFiles/Lancha.dir/C_/Users/LENOVO/.pico-sdk/sdk/2.1.1/lib/tinyusb/src/class/cdc/cdc_device.c.obj
                0x1000648c                tud_cdc_n_write_available
 .text.cdcd_init
                0x100064a0       0x70 CMakeFiles/Lancha.dir/C_/Users/LENOVO/.pico-sdk/sdk/2.1.1/lib/tinyusb/src/class/cdc/cdc_device.c.obj
                0x100064a0                cdcd_init
 .text.cdcd_deinit
                0x10006510       0x30 CMakeFiles/Lancha.dir/C_/Users/LENOVO/.pico-sdk/sdk/2.1.1/lib/tinyusb/src/class/cdc/cdc_device.c.obj
                0x10006510                cdcd_deinit
 .text.cdcd_reset
                0x10006540       0x4c CMakeFiles/Lancha.dir/C_/Users/LENOVO/.pico-sdk/sdk/2.1.1/lib/tinyusb/src/class/cdc/cdc_device.c.obj
                0x10006540                cdcd_reset
 .text.cdcd_open
                0x1000658c       0xa4 CMakeFiles/Lancha.dir/C_/Users/LENOVO/.pico-sdk/sdk/2.1.1/lib/tinyusb/src/class/cdc/cdc_device.c.obj
                0x1000658c                cdcd_open
 .text.cdcd_control_xfer_cb
                0x10006630       0xe8 CMakeFiles/Lancha.dir/C_/Users/LENOVO/.pico-sdk/sdk/2.1.1/lib/tinyusb/src/class/cdc/cdc_device.c.obj
                0x10006630                cdcd_control_xfer_cb
 .text.cdcd_xfer_cb
                0x10006718      0x100 CMakeFiles/Lancha.dir/C_/Users/LENOVO/.pico-sdk/sdk/2.1.1/lib/tinyusb/src/class/cdc/cdc_device.c.obj
                0x10006718                cdcd_xfer_cb
 .text.vendord_init
                0x10006818       0x5c CMakeFiles/Lancha.dir/C_/Users/LENOVO/.pico-sdk/sdk/2.1.1/lib/tinyusb/src/class/vendor/vendor_device.c.obj
                0x10006818                vendord_init
 .text.vendord_deinit
                0x10006874       0x1c CMakeFiles/Lancha.dir/C_/Users/LENOVO/.pico-sdk/sdk/2.1.1/lib/tinyusb/src/class/vendor/vendor_device.c.obj
                0x10006874                vendord_deinit
 .text.vendord_reset
                0x10006890       0x28 CMakeFiles/Lancha.dir/C_/Users/LENOVO/.pico-sdk/sdk/2.1.1/lib/tinyusb/src/class/vendor/vendor_device.c.obj
                0x10006890                vendord_reset
 .text.vendord_open
                0x100068b8      0x120 CMakeFiles/Lancha.dir/C_/Users/LENOVO/.pico-sdk/sdk/2.1.1/lib/tinyusb/src/class/vendor/vendor_device.c.obj
                0x100068b8                vendord_open
 .text.vendord_xfer_cb
                0x100069d8       0x9c CMakeFiles/Lancha.dir/C_/Users/LENOVO/.pico-sdk/sdk/2.1.1/lib/tinyusb/src/class/vendor/vendor_device.c.obj
                0x100069d8                vendord_xfer_cb
 .text.tusb_rhport_init
                0x10006a74       0x4c CMakeFiles/Lancha.dir/C_/Users/LENOVO/.pico-sdk/sdk/2.1.1/lib/tinyusb/src/tusb.c.obj
                0x10006a74                tusb_rhport_init
 .text.tu_edpt_claim
                0x10006ac0       0x50 CMakeFiles/Lancha.dir/C_/Users/LENOVO/.pico-sdk/sdk/2.1.1/lib/tinyusb/src/tusb.c.obj
                0x10006ac0                tu_edpt_claim
 .text.tu_edpt_release
                0x10006b10       0x38 CMakeFiles/Lancha.dir/C_/Users/LENOVO/.pico-sdk/sdk/2.1.1/lib/tinyusb/src/tusb.c.obj
                0x10006b10                tu_edpt_release
 .text.tu_edpt_validate
                0x10006b48       0x7c CMakeFiles/Lancha.dir/C_/Users/LENOVO/.pico-sdk/sdk/2.1.1/lib/tinyusb/src/tusb.c.obj
                0x10006b48                tu_edpt_validate
 .text.tu_edpt_bind_driver
                0x10006bc4       0x34 CMakeFiles/Lancha.dir/C_/Users/LENOVO/.pico-sdk/sdk/2.1.1/lib/tinyusb/src/tusb.c.obj
                0x10006bc4                tu_edpt_bind_driver
 .text.tu_edpt_stream_init
                0x10006bf8       0x6c CMakeFiles/Lancha.dir/C_/Users/LENOVO/.pico-sdk/sdk/2.1.1/lib/tinyusb/src/tusb.c.obj
                0x10006bf8                tu_edpt_stream_init
 .text.tu_edpt_stream_deinit
                0x10006c64        0x4 CMakeFiles/Lancha.dir/C_/Users/LENOVO/.pico-sdk/sdk/2.1.1/lib/tinyusb/src/tusb.c.obj
                0x10006c64                tu_edpt_stream_deinit
 .text.tu_edpt_stream_write_zlp_if_needed
                0x10006c68       0x68 CMakeFiles/Lancha.dir/C_/Users/LENOVO/.pico-sdk/sdk/2.1.1/lib/tinyusb/src/tusb.c.obj
                0x10006c68                tu_edpt_stream_write_zlp_if_needed
 .text.tu_edpt_stream_write_xfer
                0x10006cd0       0x68 CMakeFiles/Lancha.dir/C_/Users/LENOVO/.pico-sdk/sdk/2.1.1/lib/tinyusb/src/tusb.c.obj
                0x10006cd0                tu_edpt_stream_write_xfer
 .text.tu_edpt_stream_read_xfer
                0x10006d38       0xd8 CMakeFiles/Lancha.dir/C_/Users/LENOVO/.pico-sdk/sdk/2.1.1/lib/tinyusb/src/tusb.c.obj
                0x10006d38                tu_edpt_stream_read_xfer
 .text.tu_fifo_config
                0x10006e10       0x6c CMakeFiles/Lancha.dir/C_/Users/LENOVO/.pico-sdk/sdk/2.1.1/lib/tinyusb/src/common/tusb_fifo.c.obj
                0x10006e10                tu_fifo_config
 .text.tu_fifo_count
                0x10006e7c       0x2c CMakeFiles/Lancha.dir/C_/Users/LENOVO/.pico-sdk/sdk/2.1.1/lib/tinyusb/src/common/tusb_fifo.c.obj
                0x10006e7c                tu_fifo_count
 .text.tu_fifo_empty
                0x10006ea8       0x10 CMakeFiles/Lancha.dir/C_/Users/LENOVO/.pico-sdk/sdk/2.1.1/lib/tinyusb/src/common/tusb_fifo.c.obj
                0x10006ea8                tu_fifo_empty
 .text.tu_fifo_remaining
                0x10006eb8       0x2c CMakeFiles/Lancha.dir/C_/Users/LENOVO/.pico-sdk/sdk/2.1.1/lib/tinyusb/src/common/tusb_fifo.c.obj
                0x10006eb8                tu_fifo_remaining
 .text.tu_fifo_read
                0x10006ee4       0x9c CMakeFiles/Lancha.dir/C_/Users/LENOVO/.pico-sdk/sdk/2.1.1/lib/tinyusb/src/common/tusb_fifo.c.obj
                0x10006ee4                tu_fifo_read
 .text.tu_fifo_read_n
                0x10006f80       0xe8 CMakeFiles/Lancha.dir/C_/Users/LENOVO/.pico-sdk/sdk/2.1.1/lib/tinyusb/src/common/tusb_fifo.c.obj
                0x10006f80                tu_fifo_read_n
 .text.tu_fifo_write
                0x10007068       0xa4 CMakeFiles/Lancha.dir/C_/Users/LENOVO/.pico-sdk/sdk/2.1.1/lib/tinyusb/src/common/tusb_fifo.c.obj
                0x10007068                tu_fifo_write
 .text.tu_fifo_write_n
                0x1000710c      0x178 CMakeFiles/Lancha.dir/C_/Users/LENOVO/.pico-sdk/sdk/2.1.1/lib/tinyusb/src/common/tusb_fifo.c.obj
                0x1000710c                tu_fifo_write_n
 .text.tu_fifo_clear
                0x10007284       0x40 CMakeFiles/Lancha.dir/C_/Users/LENOVO/.pico-sdk/sdk/2.1.1/lib/tinyusb/src/common/tusb_fifo.c.obj
                0x10007284                tu_fifo_clear
 .text.tu_fifo_set_overwritable
                0x100072c4       0x48 CMakeFiles/Lancha.dir/C_/Users/LENOVO/.pico-sdk/sdk/2.1.1/lib/tinyusb/src/common/tusb_fifo.c.obj
                0x100072c4                tu_fifo_set_overwritable
 .text.i2c_read_blocking_internal.constprop.0
                0x1000730c       0x98 CMakeFiles/Lancha.dir/C_/Users/LENOVO/.pico-sdk/sdk/2.1.1/src/rp2_common/hardware_i2c/i2c.c.obj
 .text.i2c_write_blocking_internal.constprop.0
                0x100073a4       0xf8 CMakeFiles/Lancha.dir/C_/Users/LENOVO/.pico-sdk/sdk/2.1.1/src/rp2_common/hardware_i2c/i2c.c.obj
 .text.i2c_set_baudrate
                0x1000749c       0xc0 CMakeFiles/Lancha.dir/C_/Users/LENOVO/.pico-sdk/sdk/2.1.1/src/rp2_common/hardware_i2c/i2c.c.obj
                0x1000749c                i2c_set_baudrate
 .text.i2c_init
                0x1000755c       0x50 CMakeFiles/Lancha.dir/C_/Users/LENOVO/.pico-sdk/sdk/2.1.1/src/rp2_common/hardware_i2c/i2c.c.obj
                0x1000755c                i2c_init
 .text.i2c_write_blocking
                0x100075ac       0x14 CMakeFiles/Lancha.dir/C_/Users/LENOVO/.pico-sdk/sdk/2.1.1/src/rp2_common/hardware_i2c/i2c.c.obj
                0x100075ac                i2c_write_blocking
 .text.i2c_read_blocking
                0x100075c0       0x14 CMakeFiles/Lancha.dir/C_/Users/LENOVO/.pico-sdk/sdk/2.1.1/src/rp2_common/hardware_i2c/i2c.c.obj
                0x100075c0                i2c_read_blocking
 .text.strlen   0x100075d4       0x5c C:/Users/LENOVO/.pico-sdk/toolchain/14_2_Rel1/bin/../lib/gcc/arm-none-eabi/14.2.1/thumb/v6-m/nofp\libg.a(libc_a-strlen-stub.o)
                0x100075d4                strlen
 *(.fini)
 .fini          0x10007630        0x4 C:/Users/LENOVO/.pico-sdk/toolchain/14_2_Rel1/bin/../lib/gcc/arm-none-eabi/14.2.1/thumb/v6-m/nofp/crti.o
                0x10007630                _fini
 *fill*         0x10007634        0x4 
 .fini.__stub   0x10007638       0xc0 linker stubs
 *crtbegin.o(.ctors)
 *crtbegin?.o(.ctors)
 *(EXCLUDE_FILE(*crtend.o *crtend?.o) .ctors)
 *(SORT_BY_NAME(.ctors.*))
 *(.ctors)
 *crtbegin.o(.dtors)
 *crtbegin?.o(.dtors)
 *(EXCLUDE_FILE(*crtend.o *crtend?.o) .dtors)
 *(SORT_BY_NAME(.dtors.*))
 *(.dtors)
                0x100076f8                        . = ALIGN (0x4)
                0x100076f8                        PROVIDE (__preinit_array_start = .)
 *(SORT_BY_NAME(.preinit_array.*))
 .preinit_array.00100
                0x100076f8        0x4 CMakeFiles/Lancha.dir/C_/Users/LENOVO/.pico-sdk/sdk/2.1.1/src/rp2_common/pico_runtime_init/runtime_init.c.obj
                0x100076f8                __pre_init_runtime_init_early_resets
 .preinit_array.00101
                0x100076fc        0x4 CMakeFiles/Lancha.dir/C_/Users/LENOVO/.pico-sdk/sdk/2.1.1/src/rp2_common/pico_runtime_init/runtime_init.c.obj
                0x100076fc                __pre_init_runtime_init_usb_power_down
 .preinit_array.00275
                0x10007700        0x4 CMakeFiles/Lancha.dir/C_/Users/LENOVO/.pico-sdk/sdk/2.1.1/src/rp2_common/pico_bit_ops/bit_ops_aeabi.S.obj
 .preinit_array.00300
                0x10007704        0x4 CMakeFiles/Lancha.dir/C_/Users/LENOVO/.pico-sdk/sdk/2.1.1/src/rp2_common/pico_mem_ops/mem_ops_aeabi.S.obj
 .preinit_array.00350
                0x10007708        0x4 CMakeFiles/Lancha.dir/C_/Users/LENOVO/.pico-sdk/sdk/2.1.1/src/rp2_common/pico_double/double_aeabi_rp2040.S.obj
 .preinit_array.00350
                0x1000770c        0x4 CMakeFiles/Lancha.dir/C_/Users/LENOVO/.pico-sdk/sdk/2.1.1/src/rp2_common/pico_float/float_aeabi_rp2040.S.obj
 .preinit_array.00500
                0x10007710        0x4 CMakeFiles/Lancha.dir/C_/Users/LENOVO/.pico-sdk/sdk/2.1.1/src/rp2_common/pico_runtime_init/runtime_init.c.obj
                0x10007710                __pre_init_runtime_init_clocks
 .preinit_array.00600
                0x10007714        0x4 CMakeFiles/Lancha.dir/C_/Users/LENOVO/.pico-sdk/sdk/2.1.1/src/rp2_common/pico_runtime_init/runtime_init.c.obj
                0x10007714                __pre_init_runtime_init_post_clock_resets
 .preinit_array.00700
                0x10007718        0x4 CMakeFiles/Lancha.dir/C_/Users/LENOVO/.pico-sdk/sdk/2.1.1/src/rp2_common/pico_runtime_init/runtime_init.c.obj
                0x10007718                __pre_init_runtime_init_rp2040_gpio_ie_disable
 .preinit_array.01000
                0x1000771c        0x4 CMakeFiles/Lancha.dir/C_/Users/LENOVO/.pico-sdk/sdk/2.1.1/src/rp2_common/pico_runtime_init/runtime_init.c.obj
                0x1000771c                __pre_init_runtime_init_spin_locks_reset
 .preinit_array.01100
                0x10007720        0x4 CMakeFiles/Lancha.dir/C_/Users/LENOVO/.pico-sdk/sdk/2.1.1/src/common/pico_sync/mutex.c.obj
                0x10007720                __pre_init_runtime_init_mutex
 .preinit_array.10080
                0x10007724        0x4 CMakeFiles/Lancha.dir/C_/Users/LENOVO/.pico-sdk/sdk/2.1.1/src/rp2_common/pico_runtime_init/runtime_init.c.obj
                0x10007724                __pre_init_runtime_init_install_ram_vector_table
 .preinit_array.11000
                0x10007728        0x4 CMakeFiles/Lancha.dir/C_/Users/LENOVO/.pico-sdk/sdk/2.1.1/src/common/pico_time/time.c.obj
                0x10007728                __pre_init_runtime_init_default_alarm_pool
 .preinit_array.YYYYY
                0x1000772c        0x4 CMakeFiles/Lancha.dir/C_/Users/LENOVO/.pico-sdk/sdk/2.1.1/src/rp2_common/pico_runtime/runtime.c.obj
                0x1000772c                __pre_init_first_per_core_initializer
 .preinit_array.ZZZZZ.01200
                0x10007730        0x4 CMakeFiles/Lancha.dir/C_/Users/LENOVO/.pico-sdk/sdk/2.1.1/src/rp2_common/hardware_irq/irq.c.obj
                0x10007730                __pre_init_runtime_init_per_core_irq_priorities
 *(.preinit_array)
                0x10007734                        PROVIDE (__preinit_array_end = .)
                0x10007734                        . = ALIGN (0x4)
                0x10007734                        PROVIDE (__init_array_start = .)
 *(SORT_BY_NAME(.init_array.*))
 *(.init_array)
 .init_array    0x10007734        0x4 C:/Users/LENOVO/.pico-sdk/toolchain/14_2_Rel1/bin/../lib/gcc/arm-none-eabi/14.2.1/thumb/v6-m/nofp/crtbegin.o
 .init_array    0x10007738        0x4 CMakeFiles/Lancha.dir/C_/Users/LENOVO/.pico-sdk/sdk/2.1.1/src/rp2_common/pico_unique_id/unique_id.c.obj
                0x1000773c                        PROVIDE (__init_array_end = .)
                0x1000773c                        . = ALIGN (0x4)
                [!provide]                        PROVIDE (__fini_array_start = .)
 *(SORT_BY_NAME(.fini_array.*))
 *(.fini_array)
                [!provide]                        PROVIDE (__fini_array_end = .)
 *(.eh_frame*)
 .eh_frame      0x1000773c        0x0 C:/Users/LENOVO/.pico-sdk/toolchain/14_2_Rel1/bin/../lib/gcc/arm-none-eabi/14.2.1/thumb/v6-m/nofp/crtbegin.o
                0x1000773c                        . = ALIGN (0x4)

.glue_7         0x1000773c        0x0
 .glue_7        0x1000773c        0x0 linker stubs

.glue_7t        0x1000773c        0x0
 .glue_7t       0x1000773c        0x0 linker stubs

.vfp11_veneer   0x1000773c        0x0
 .vfp11_veneer  0x1000773c        0x0 linker stubs

.v4_bx          0x1000773c        0x0
 .v4_bx         0x1000773c        0x0 linker stubs

.iplt           0x1000773c        0x0
 .iplt          0x1000773c        0x0 C:/Users/LENOVO/.pico-sdk/toolchain/14_2_Rel1/bin/../lib/gcc/arm-none-eabi/14.2.1/thumb/v6-m/nofp/crtbegin.o

.rodata         0x10007740      0x6b0
 *(EXCLUDE_FILE(*libm.a: *libc.a:*lib_a-mem*.o *libgcc.a:) .rodata*)
 .rodata.main.str1.4
                0x10007740      0x1e4 CMakeFiles/Lancha.dir/Lancha_trial.c.obj
                                 0x46 (size before relaxing)
 .rodata.panic.str1.4
                0x10007924       0x12 CMakeFiles/Lancha.dir/C_/Users/LENOVO/.pico-sdk/sdk/2.1.1/src/rp2_common/pico_platform_panic/panic.c.obj
 .rodata.spin_lock_claim_unused.str1.4
                0x10007924       0x1b CMakeFiles/Lancha.dir/C_/Users/LENOVO/.pico-sdk/sdk/2.1.1/src/rp2_common/hardware_sync/sync.c.obj
 .rodata.user_irq_claim_unused.str1.4
                0x10007924       0x1b CMakeFiles/Lancha.dir/C_/Users/LENOVO/.pico-sdk/sdk/2.1.1/src/rp2_common/hardware_irq/irq.c.obj
 .rodata.timer_hardware_alarm_claim.str1.4
                0x10007924       0x22 CMakeFiles/Lancha.dir/C_/Users/LENOVO/.pico-sdk/sdk/2.1.1/src/rp2_common/hardware_timer/timer.c.obj
 .rodata.hard_assertion_failure.str1.4
                0x10007924        0xc CMakeFiles/Lancha.dir/C_/Users/LENOVO/.pico-sdk/sdk/2.1.1/src/rp2_common/pico_runtime/runtime.c.obj
 .rodata.str1.4
                0x10007924       0x40 CMakeFiles/Lancha.dir/C_/Users/LENOVO/.pico-sdk/sdk/2.1.1/src/rp2_common/pico_standard_binary_info/standard_binary_info.c.obj
 .rodata.__bi_84
                0x10007924        0xc CMakeFiles/Lancha.dir/C_/Users/LENOVO/.pico-sdk/sdk/2.1.1/src/rp2_common/pico_standard_binary_info/standard_binary_info.c.obj
 .rodata.__bi_78
                0x10007930        0xc CMakeFiles/Lancha.dir/C_/Users/LENOVO/.pico-sdk/sdk/2.1.1/src/rp2_common/pico_standard_binary_info/standard_binary_info.c.obj
 .rodata.__bi_60
                0x1000793c        0xc CMakeFiles/Lancha.dir/C_/Users/LENOVO/.pico-sdk/sdk/2.1.1/src/rp2_common/pico_standard_binary_info/standard_binary_info.c.obj
 .rodata.__bi_54
                0x10007948        0xc CMakeFiles/Lancha.dir/C_/Users/LENOVO/.pico-sdk/sdk/2.1.1/src/rp2_common/pico_standard_binary_info/standard_binary_info.c.obj
 .rodata.__bi_48
                0x10007954        0xc CMakeFiles/Lancha.dir/C_/Users/LENOVO/.pico-sdk/sdk/2.1.1/src/rp2_common/pico_standard_binary_info/standard_binary_info.c.obj
 .rodata.__bi_42
                0x10007960        0xc CMakeFiles/Lancha.dir/C_/Users/LENOVO/.pico-sdk/sdk/2.1.1/src/rp2_common/pico_standard_binary_info/standard_binary_info.c.obj
 .rodata.__bi_34
                0x1000796c        0xc CMakeFiles/Lancha.dir/C_/Users/LENOVO/.pico-sdk/sdk/2.1.1/src/rp2_common/pico_standard_binary_info/standard_binary_info.c.obj
 .rodata.__bi_26
                0x10007978        0xc CMakeFiles/Lancha.dir/C_/Users/LENOVO/.pico-sdk/sdk/2.1.1/src/rp2_common/pico_standard_binary_info/standard_binary_info.c.obj
 .rodata._ftoa.str1.4
                0x10007984       0x15 CMakeFiles/Lancha.dir/C_/Users/LENOVO/.pico-sdk/sdk/2.1.1/src/rp2_common/pico_printf/printf.c.obj
 .rodata._vsnprintf
                0x10007984      0x19c CMakeFiles/Lancha.dir/C_/Users/LENOVO/.pico-sdk/sdk/2.1.1/src/rp2_common/pico_printf/printf.c.obj
 .rodata.pow10.0
                0x10007b20       0x50 CMakeFiles/Lancha.dir/C_/Users/LENOVO/.pico-sdk/sdk/2.1.1/src/rp2_common/pico_printf/printf.c.obj
 .rodata.crlf_str.0
                0x10007b70        0x2 CMakeFiles/Lancha.dir/C_/Users/LENOVO/.pico-sdk/sdk/2.1.1/src/rp2_common/pico_stdio/stdio.c.obj
 .rodata.str1.4
                0x10007b72       0x2c CMakeFiles/Lancha.dir/C_/Users/LENOVO/.pico-sdk/sdk/2.1.1/src/rp2_common/pico_stdio_uart/stdio_uart.c.obj
 *fill*         0x10007b72        0x2 
 .rodata.__bi_45.4
                0x10007b74        0xc CMakeFiles/Lancha.dir/C_/Users/LENOVO/.pico-sdk/sdk/2.1.1/src/rp2_common/pico_stdio_uart/stdio_uart.c.obj
 .rodata.__bi_49.5
                0x10007b80        0x8 CMakeFiles/Lancha.dir/C_/Users/LENOVO/.pico-sdk/sdk/2.1.1/src/rp2_common/pico_stdio_uart/stdio_uart.c.obj
 .rodata.__bi_50.6
                0x10007b88        0x8 CMakeFiles/Lancha.dir/C_/Users/LENOVO/.pico-sdk/sdk/2.1.1/src/rp2_common/pico_stdio_uart/stdio_uart.c.obj
 .rodata._resetd_driver
                0x10007b90       0x20 CMakeFiles/Lancha.dir/C_/Users/LENOVO/.pico-sdk/sdk/2.1.1/src/rp2_common/pico_stdio_usb/reset_interface.c.obj
 .rodata.desc_ms_os_20
                0x10007bb0       0xa6 CMakeFiles/Lancha.dir/C_/Users/LENOVO/.pico-sdk/sdk/2.1.1/src/rp2_common/pico_stdio_usb/reset_interface.c.obj
 *fill*         0x10007c56        0x2 
 .rodata.desc_bos
                0x10007c58       0x21 CMakeFiles/Lancha.dir/C_/Users/LENOVO/.pico-sdk/sdk/2.1.1/src/rp2_common/pico_stdio_usb/reset_interface.c.obj
                0x10007c58                desc_bos
 .rodata.str1.4
                0x10007c79       0x13 CMakeFiles/Lancha.dir/C_/Users/LENOVO/.pico-sdk/sdk/2.1.1/src/rp2_common/pico_stdio_usb/stdio_usb.c.obj
 *fill*         0x10007c79        0x3 
 .rodata.__bi_197.0
                0x10007c7c        0xc CMakeFiles/Lancha.dir/C_/Users/LENOVO/.pico-sdk/sdk/2.1.1/src/rp2_common/pico_stdio_usb/stdio_usb.c.obj
 .rodata.str1.4
                0x10007c88       0x2a CMakeFiles/Lancha.dir/C_/Users/LENOVO/.pico-sdk/sdk/2.1.1/src/rp2_common/pico_stdio_usb/stdio_usb_descriptors.c.obj
 .rodata.usbd_desc_str
                0x10007c88       0x18 CMakeFiles/Lancha.dir/C_/Users/LENOVO/.pico-sdk/sdk/2.1.1/src/rp2_common/pico_stdio_usb/stdio_usb_descriptors.c.obj
 .rodata.usbd_desc_cfg
                0x10007ca0       0x54 CMakeFiles/Lancha.dir/C_/Users/LENOVO/.pico-sdk/sdk/2.1.1/src/rp2_common/pico_stdio_usb/stdio_usb_descriptors.c.obj
 .rodata.usbd_desc_device
                0x10007cf4       0x12 CMakeFiles/Lancha.dir/C_/Users/LENOVO/.pico-sdk/sdk/2.1.1/src/rp2_common/pico_stdio_usb/stdio_usb_descriptors.c.obj
 .rodata.str1.4
                0x10007d06       0x14 CMakeFiles/Lancha.dir/C_/Users/LENOVO/.pico-sdk/sdk/2.1.1/lib/tinyusb/src/portable/raspberrypi/rp2040/dcd_rp2040.c.obj
 .rodata.str1.4
                0x10007d06       0x48 CMakeFiles/Lancha.dir/C_/Users/LENOVO/.pico-sdk/sdk/2.1.1/lib/tinyusb/src/portable/raspberrypi/rp2040/rp2040_usb.c.obj
 *fill*         0x10007d06        0x2 
 .rodata.tud_task_ext
                0x10007d08       0x8c CMakeFiles/Lancha.dir/C_/Users/LENOVO/.pico-sdk/sdk/2.1.1/lib/tinyusb/src/device/usbd.c.obj
 .rodata        0x10007d94       0x1c CMakeFiles/Lancha.dir/C_/Users/LENOVO/.pico-sdk/sdk/2.1.1/lib/tinyusb/src/device/usbd.c.obj
 .rodata._usbd_driver
                0x10007db0       0x40 CMakeFiles/Lancha.dir/C_/Users/LENOVO/.pico-sdk/sdk/2.1.1/lib/tinyusb/src/device/usbd.c.obj
                0x10007df0                        . = ALIGN (0x4)
 *(SORT_BY_ALIGNMENT(SORT_BY_NAME(.flashdata*)))
                0x10007df0                        . = ALIGN (0x4)

.ARM.extab
 *(.ARM.extab* .gnu.linkonce.armextab.*)
                0x10007df0                        __exidx_start = .

.ARM.exidx
 *(.ARM.exidx* .gnu.linkonce.armexidx.*)
                0x10007df0                        __exidx_end = .
                0x10007df0                        . = ALIGN (0x4)
                0x10007df0                        __binary_info_start = .

.binary_info    0x10007df0       0x30
 *(.binary_info.keep.*)
 .binary_info.keep.__bi_ptr84
                0x10007df0        0x4 CMakeFiles/Lancha.dir/C_/Users/LENOVO/.pico-sdk/sdk/2.1.1/src/rp2_common/pico_standard_binary_info/standard_binary_info.c.obj
 .binary_info.keep.__bi_ptr78
                0x10007df4        0x4 CMakeFiles/Lancha.dir/C_/Users/LENOVO/.pico-sdk/sdk/2.1.1/src/rp2_common/pico_standard_binary_info/standard_binary_info.c.obj
 .binary_info.keep.__bi_ptr60
                0x10007df8        0x4 CMakeFiles/Lancha.dir/C_/Users/LENOVO/.pico-sdk/sdk/2.1.1/src/rp2_common/pico_standard_binary_info/standard_binary_info.c.obj
 .binary_info.keep.__bi_ptr54
                0x10007dfc        0x4 CMakeFiles/Lancha.dir/C_/Users/LENOVO/.pico-sdk/sdk/2.1.1/src/rp2_common/pico_standard_binary_info/standard_binary_info.c.obj
 .binary_info.keep.__bi_ptr48
                0x10007e00        0x4 CMakeFiles/Lancha.dir/C_/Users/LENOVO/.pico-sdk/sdk/2.1.1/src/rp2_common/pico_standard_binary_info/standard_binary_info.c.obj
 .binary_info.keep.__bi_ptr42
                0x10007e04        0x4 CMakeFiles/Lancha.dir/C_/Users/LENOVO/.pico-sdk/sdk/2.1.1/src/rp2_common/pico_standard_binary_info/standard_binary_info.c.obj
 .binary_info.keep.__bi_ptr34
                0x10007e08        0x4 CMakeFiles/Lancha.dir/C_/Users/LENOVO/.pico-sdk/sdk/2.1.1/src/rp2_common/pico_standard_binary_info/standard_binary_info.c.obj
 .binary_info.keep.__bi_ptr26
                0x10007e0c        0x4 CMakeFiles/Lancha.dir/C_/Users/LENOVO/.pico-sdk/sdk/2.1.1/src/rp2_common/pico_standard_binary_info/standard_binary_info.c.obj
 *(.binary_info.*)
 .binary_info.__bi_ptr50
                0x10007e10        0x4 CMakeFiles/Lancha.dir/C_/Users/LENOVO/.pico-sdk/sdk/2.1.1/src/rp2_common/pico_stdio_uart/stdio_uart.c.obj
 .binary_info.__bi_ptr49
                0x10007e14        0x4 CMakeFiles/Lancha.dir/C_/Users/LENOVO/.pico-sdk/sdk/2.1.1/src/rp2_common/pico_stdio_uart/stdio_uart.c.obj
 .binary_info.__bi_ptr45
                0x10007e18        0x4 CMakeFiles/Lancha.dir/C_/Users/LENOVO/.pico-sdk/sdk/2.1.1/src/rp2_common/pico_stdio_uart/stdio_uart.c.obj
 .binary_info.__bi_ptr197
                0x10007e1c        0x4 CMakeFiles/Lancha.dir/C_/Users/LENOVO/.pico-sdk/sdk/2.1.1/src/rp2_common/pico_stdio_usb/stdio_usb.c.obj
                0x10007e20                        __binary_info_end = .

.rel.dyn        0x10007e20        0x0
 .rel.iplt      0x10007e20        0x0 C:/Users/LENOVO/.pico-sdk/toolchain/14_2_Rel1/bin/../lib/gcc/arm-none-eabi/14.2.1/thumb/v6-m/nofp/crtbegin.o
                0x10007e20                        . = ALIGN (0x4)

.ram_vector_table
                0x20000000       0xc0
 *(.ram_vector_table)
 .ram_vector_table
                0x20000000       0xc0 CMakeFiles/Lancha.dir/C_/Users/LENOVO/.pico-sdk/sdk/2.1.1/src/rp2_common/pico_runtime_init/runtime_init.c.obj
                0x20000000                ram_vector_table

.uninitialized_data
                0x200000c0        0x0
                0x200000c0                        . = ALIGN (0x4)
 *(.uninitialized_data*)

.data           0x200000c0      0xfc0 load address 0x10007e20
                0x200000c0                        __data_start__ = .
 *(vtable)
 *(.time_critical*)
 .time_critical.mutex_try_enter
                0x200000c0       0x40 CMakeFiles/Lancha.dir/C_/Users/LENOVO/.pico-sdk/sdk/2.1.1/src/common/pico_sync/mutex.c.obj
                0x200000c0                mutex_try_enter
 .time_critical.mutex_try_enter_block_until
                0x20000100       0x98 CMakeFiles/Lancha.dir/C_/Users/LENOVO/.pico-sdk/sdk/2.1.1/src/common/pico_sync/mutex.c.obj
                0x20000100                mutex_try_enter_block_until
 .time_critical.mutex_enter_timeout_ms
                0x20000198       0x8c CMakeFiles/Lancha.dir/C_/Users/LENOVO/.pico-sdk/sdk/2.1.1/src/common/pico_sync/mutex.c.obj
                0x20000198                mutex_enter_timeout_ms
 .time_critical.mutex_exit
                0x20000224       0x28 CMakeFiles/Lancha.dir/C_/Users/LENOVO/.pico-sdk/sdk/2.1.1/src/common/pico_sync/mutex.c.obj
                0x20000224                mutex_exit
 .time_critical.flash_init_boot2_copyout
                0x2000024c       0x30 CMakeFiles/Lancha.dir/C_/Users/LENOVO/.pico-sdk/sdk/2.1.1/src/rp2_common/hardware_flash/flash.c.obj
 .time_critical.flash_enable_xip_via_boot2
                0x2000027c        0xc CMakeFiles/Lancha.dir/C_/Users/LENOVO/.pico-sdk/sdk/2.1.1/src/rp2_common/hardware_flash/flash.c.obj
 .time_critical.flash_cs_force
                0x20000288       0x38 CMakeFiles/Lancha.dir/C_/Users/LENOVO/.pico-sdk/sdk/2.1.1/src/rp2_common/hardware_flash/flash.c.obj
 .time_critical.flash_do_cmd
                0x200002c0      0x130 CMakeFiles/Lancha.dir/C_/Users/LENOVO/.pico-sdk/sdk/2.1.1/src/rp2_common/hardware_flash/flash.c.obj
                0x200002c0                flash_do_cmd
 .time_critical.reset_non_control_endpoints
                0x200003f0       0x68 CMakeFiles/Lancha.dir/C_/Users/LENOVO/.pico-sdk/sdk/2.1.1/lib/tinyusb/src/portable/raspberrypi/rp2040/dcd_rp2040.c.obj
 .time_critical.hw_handle_buff_status
                0x20000458       0xa0 CMakeFiles/Lancha.dir/C_/Users/LENOVO/.pico-sdk/sdk/2.1.1/lib/tinyusb/src/portable/raspberrypi/rp2040/dcd_rp2040.c.obj
 .time_critical.dcd_rp2040_irq
                0x200004f8      0x548 CMakeFiles/Lancha.dir/C_/Users/LENOVO/.pico-sdk/sdk/2.1.1/lib/tinyusb/src/portable/raspberrypi/rp2040/dcd_rp2040.c.obj
 .time_critical.prepare_ep_buffer
                0x20000a40       0xc8 CMakeFiles/Lancha.dir/C_/Users/LENOVO/.pico-sdk/sdk/2.1.1/lib/tinyusb/src/portable/raspberrypi/rp2040/rp2040_usb.c.obj
 .time_critical.sync_ep_buffer
                0x20000b08       0x9c CMakeFiles/Lancha.dir/C_/Users/LENOVO/.pico-sdk/sdk/2.1.1/lib/tinyusb/src/portable/raspberrypi/rp2040/rp2040_usb.c.obj
 .time_critical._hw_endpoint_xfer_sync
                0x20000ba4       0x28 CMakeFiles/Lancha.dir/C_/Users/LENOVO/.pico-sdk/sdk/2.1.1/lib/tinyusb/src/portable/raspberrypi/rp2040/rp2040_usb.c.obj
 .time_critical.e15_is_bulkin_ep
                0x20000bcc       0x28 CMakeFiles/Lancha.dir/C_/Users/LENOVO/.pico-sdk/sdk/2.1.1/lib/tinyusb/src/portable/raspberrypi/rp2040/rp2040_usb.c.obj
 .time_critical.e15_is_critical_frame_period
                0x20000bf4       0x34 CMakeFiles/Lancha.dir/C_/Users/LENOVO/.pico-sdk/sdk/2.1.1/lib/tinyusb/src/portable/raspberrypi/rp2040/rp2040_usb.c.obj
 .time_critical.hw_endpoint_reset_transfer
                0x20000c28        0xc CMakeFiles/Lancha.dir/C_/Users/LENOVO/.pico-sdk/sdk/2.1.1/lib/tinyusb/src/portable/raspberrypi/rp2040/rp2040_usb.c.obj
                0x20000c28                hw_endpoint_reset_transfer
 .time_critical._hw_endpoint_buffer_control_update32
                0x20000c34       0x50 CMakeFiles/Lancha.dir/C_/Users/LENOVO/.pico-sdk/sdk/2.1.1/lib/tinyusb/src/portable/raspberrypi/rp2040/rp2040_usb.c.obj
                0x20000c34                _hw_endpoint_buffer_control_update32
 .time_critical.hw_endpoint_start_next_buffer
                0x20000c84       0x68 CMakeFiles/Lancha.dir/C_/Users/LENOVO/.pico-sdk/sdk/2.1.1/lib/tinyusb/src/portable/raspberrypi/rp2040/rp2040_usb.c.obj
                0x20000c84                hw_endpoint_start_next_buffer
 .time_critical.hw_endpoint_xfer_continue
                0x20000cec       0x40 CMakeFiles/Lancha.dir/C_/Users/LENOVO/.pico-sdk/sdk/2.1.1/lib/tinyusb/src/portable/raspberrypi/rp2040/rp2040_usb.c.obj
                0x20000cec                hw_endpoint_xfer_continue
 .time_critical.tinyusb
                0x20000d2c      0x1e4 CMakeFiles/Lancha.dir/C_/Users/LENOVO/.pico-sdk/sdk/2.1.1/lib/tinyusb/src/device/usbd.c.obj
                0x20000d2c                dcd_event_handler
 *(.text*)
 .text          0x20000f10        0x4 C:/Users/LENOVO/.pico-sdk/toolchain/14_2_Rel1/bin/../lib/gcc/arm-none-eabi/14.2.1/thumb/v6-m/nofp\libgcc.a(_dvmd_tls.o)
                0x20000f10                __aeabi_idiv0
                0x20000f10                __aeabi_ldiv0
 *fill*         0x20000f14        0x4 
 .text.__stub   0x20000f18       0x80 linker stubs
                0x20000f98                        . = ALIGN (0x4)
 *(.rodata*)
                0x20000f98                        . = ALIGN (0x4)
 *(.data*)
 .data.striped_spin_lock_num
                0x20000f98        0x1 CMakeFiles/Lancha.dir/C_/Users/LENOVO/.pico-sdk/sdk/2.1.1/src/rp2_common/hardware_sync/sync.c.obj
 *fill*         0x20000f99        0x3 
 .data          0x20000f9c       0x48 CMakeFiles/Lancha.dir/C_/Users/LENOVO/.pico-sdk/sdk/2.1.1/src/rp2_common/hardware_irq/irq_handler_chain.S.obj
                0x20000f9c                irq_handler_chain_slots
                0x20000fcc                irq_handler_chain_first_slot
                0x20000fd6                irq_handler_chain_remove_tail
 .data.default_alarm_pool
                0x20000fe4       0x18 CMakeFiles/Lancha.dir/C_/Users/LENOVO/.pico-sdk/sdk/2.1.1/src/common/pico_time/time.c.obj
 *fill*         0x20000ffc        0x4 
 .data.aeabi_bits_funcs
                0x20001000       0x10 CMakeFiles/Lancha.dir/C_/Users/LENOVO/.pico-sdk/sdk/2.1.1/src/rp2_common/pico_bit_ops/bit_ops_aeabi.S.obj
                0x20001000                aeabi_bits_funcs
                0x20001010                aeabi_bits_funcs_end
 .data.aeabi_mem_funcs
                0x20001010       0x10 CMakeFiles/Lancha.dir/C_/Users/LENOVO/.pico-sdk/sdk/2.1.1/src/rp2_common/pico_mem_ops/mem_ops_aeabi.S.obj
                0x20001010                aeabi_mem_funcs
                0x20001020                aeabi_mem_funcs_end
 .data.stdio_uart
                0x20001020       0x18 CMakeFiles/Lancha.dir/C_/Users/LENOVO/.pico-sdk/sdk/2.1.1/src/rp2_common/pico_stdio_uart/stdio_uart.c.obj
                0x20001020                stdio_uart
 .data.stdio_usb
                0x20001038       0x18 CMakeFiles/Lancha.dir/C_/Users/LENOVO/.pico-sdk/sdk/2.1.1/src/rp2_common/pico_stdio_usb/stdio_usb.c.obj
                0x20001038                stdio_usb
 .data._usbd_qdef
                0x20001050       0x1c CMakeFiles/Lancha.dir/C_/Users/LENOVO/.pico-sdk/sdk/2.1.1/lib/tinyusb/src/device/usbd.c.obj
                0x20001050                _usbd_qdef
 .data._usbd_rhport
                0x2000106c        0x1 CMakeFiles/Lancha.dir/C_/Users/LENOVO/.pico-sdk/sdk/2.1.1/lib/tinyusb/src/device/usbd.c.obj
 *fill*         0x2000106d        0x3 
 .data.i2c0_inst
                0x20001070        0x8 CMakeFiles/Lancha.dir/C_/Users/LENOVO/.pico-sdk/sdk/2.1.1/src/rp2_common/hardware_i2c/i2c.c.obj
                0x20001070                i2c0_inst
                0x20001078                        . = ALIGN (0x4)
 *(.after_data.*)
                0x20001078                        . = ALIGN (0x4)
                0x20001078                        PROVIDE (__mutex_array_start = .)
 *(SORT_BY_NAME(.mutex_array.*))
 *(.mutex_array)
 .mutex_array   0x20001078        0x8 CMakeFiles/Lancha.dir/C_/Users/LENOVO/.pico-sdk/sdk/2.1.1/src/rp2_common/pico_stdio/stdio.c.obj
                0x20001080                        PROVIDE (__mutex_array_end = .)
                0x20001080                        . = ALIGN (0x4)
 *(.jcr)
                0x20001080                        . = ALIGN (0x4)

.tm_clone_table
                0x20001080        0x0 load address 0x10008de0
 .tm_clone_table
                0x20001080        0x0 C:/Users/LENOVO/.pico-sdk/toolchain/14_2_Rel1/bin/../lib/gcc/arm-none-eabi/14.2.1/thumb/v6-m/nofp/crtbegin.o
 .tm_clone_table
                0x20001080        0x0 C:/Users/LENOVO/.pico-sdk/toolchain/14_2_Rel1/bin/../lib/gcc/arm-none-eabi/14.2.1/thumb/v6-m/nofp/crtend.o

.igot.plt       0x20001080        0x0 load address 0x10008de0
 .igot.plt      0x20001080        0x0 C:/Users/LENOVO/.pico-sdk/toolchain/14_2_Rel1/bin/../lib/gcc/arm-none-eabi/14.2.1/thumb/v6-m/nofp/crtbegin.o

.tdata          0x20001080        0x0 load address 0x10008de0
                0x20001080                        . = ALIGN (0x4)
 *(.tdata .tdata.* .gnu.linkonce.td.*)
                0x20001080                        __tdata_end = .
                0x20001080                        PROVIDE (__data_end__ = .)
                0x10007e20                        __etext = LOADADDR (.data)

.tbss           0x20001080        0x0 load address 0x10008de0
                0x20001080                        . = ALIGN (0x4)
                0x20001080                        __bss_start__ = .
                0x20001080                        __tls_base = .
 *(.tbss .tbss.* .gnu.linkonce.tb.*)
 *(.tcommon)
                0x20001080                        __tls_end = .

.bss            0x20001080      0xf0c load address 0x10008de0
                0x20001080                        . = ALIGN (0x4)
                0x20001080                        __tbss_end = .
 *(SORT_BY_ALIGNMENT(SORT_BY_NAME(.bss*)))
 .bss.default_alarm_pool_entries
                0x20001080      0x180 CMakeFiles/Lancha.dir/C_/Users/LENOVO/.pico-sdk/sdk/2.1.1/src/common/pico_time/time.c.obj
 .bss.last_avail_time.1
                0x20001200        0x8 CMakeFiles/Lancha.dir/C_/Users/LENOVO/.pico-sdk/sdk/2.1.1/src/rp2_common/pico_stdio_usb/stdio_usb.c.obj
 .bss.sd_table  0x20001208      0x100 CMakeFiles/Lancha.dir/C_/Users/LENOVO/.pico-sdk/sdk/2.1.1/src/rp2_common/pico_double/double_init_rom_rp2040.c.obj
                0x20001208                sd_table
 .bss.sf_table  0x20001308      0x100 CMakeFiles/Lancha.dir/C_/Users/LENOVO/.pico-sdk/sdk/2.1.1/src/rp2_common/pico_float/float_init_rom_rp2040.c.obj
                0x20001308                sf_table
 .bss._app_driver
                0x20001408        0x4 CMakeFiles/Lancha.dir/C_/Users/LENOVO/.pico-sdk/sdk/2.1.1/lib/tinyusb/src/device/usbd.c.obj
 .bss._cdcd_epbuf
                0x2000140c       0x80 CMakeFiles/Lancha.dir/C_/Users/LENOVO/.pico-sdk/sdk/2.1.1/lib/tinyusb/src/class/cdc/cdc_device.c.obj
 .bss._cdcd_fifo_cfg
                0x2000148c        0x1 CMakeFiles/Lancha.dir/C_/Users/LENOVO/.pico-sdk/sdk/2.1.1/lib/tinyusb/src/class/cdc/cdc_device.c.obj
 *fill*         0x2000148d        0x3 
 .bss._cdcd_itf
                0x20001490       0xc8 CMakeFiles/Lancha.dir/C_/Users/LENOVO/.pico-sdk/sdk/2.1.1/lib/tinyusb/src/class/cdc/cdc_device.c.obj
 .bss._ctrl_epbuf
                0x20001558       0x40 CMakeFiles/Lancha.dir/C_/Users/LENOVO/.pico-sdk/sdk/2.1.1/lib/tinyusb/src/device/usbd_control.c.obj
 .bss._ctrl_xfer
                0x20001598       0x14 CMakeFiles/Lancha.dir/C_/Users/LENOVO/.pico-sdk/sdk/2.1.1/lib/tinyusb/src/device/usbd_control.c.obj
 .bss._tusb_rhport_role
                0x200015ac        0x2 CMakeFiles/Lancha.dir/C_/Users/LENOVO/.pico-sdk/sdk/2.1.1/lib/tinyusb/src/tusb.c.obj
                0x200015ac                _tusb_rhport_role
 *fill*         0x200015ae        0x2 
 .bss._ubsd_mutexdef
                0x200015b0        0x8 CMakeFiles/Lancha.dir/C_/Users/LENOVO/.pico-sdk/sdk/2.1.1/lib/tinyusb/src/device/usbd.c.obj
 .bss._usbd_dev
                0x200015b8       0x54 CMakeFiles/Lancha.dir/C_/Users/LENOVO/.pico-sdk/sdk/2.1.1/lib/tinyusb/src/device/usbd.c.obj
 .bss._usbd_mutex
                0x2000160c        0x4 CMakeFiles/Lancha.dir/C_/Users/LENOVO/.pico-sdk/sdk/2.1.1/lib/tinyusb/src/device/usbd.c.obj
 .bss._usbd_q   0x20001610        0x4 CMakeFiles/Lancha.dir/C_/Users/LENOVO/.pico-sdk/sdk/2.1.1/lib/tinyusb/src/device/usbd.c.obj
 .bss._usbd_qdef_buf
                0x20001614       0xc0 CMakeFiles/Lancha.dir/C_/Users/LENOVO/.pico-sdk/sdk/2.1.1/lib/tinyusb/src/device/usbd.c.obj
                0x20001614                _usbd_qdef_buf
 .bss._vendord_epbuf
                0x200016d4       0x80 CMakeFiles/Lancha.dir/C_/Users/LENOVO/.pico-sdk/sdk/2.1.1/lib/tinyusb/src/class/vendor/vendor_device.c.obj
 .bss._vendord_itf
                0x20001754      0x24c CMakeFiles/Lancha.dir/C_/Users/LENOVO/.pico-sdk/sdk/2.1.1/lib/tinyusb/src/class/vendor/vendor_device.c.obj
 .bss.boot2_copyout
                0x200019a0      0x100 CMakeFiles/Lancha.dir/C_/Users/LENOVO/.pico-sdk/sdk/2.1.1/src/rp2_common/hardware_flash/flash.c.obj
 .bss.chars_available_callback
                0x20001aa0        0x4 CMakeFiles/Lancha.dir/C_/Users/LENOVO/.pico-sdk/sdk/2.1.1/src/rp2_common/pico_stdio_uart/stdio_uart.c.obj
 .bss.chars_available_callback
                0x20001aa4        0x4 CMakeFiles/Lancha.dir/C_/Users/LENOVO/.pico-sdk/sdk/2.1.1/src/rp2_common/pico_stdio_usb/stdio_usb.c.obj
 .bss.chars_available_param
                0x20001aa8        0x4 CMakeFiles/Lancha.dir/C_/Users/LENOVO/.pico-sdk/sdk/2.1.1/src/rp2_common/pico_stdio_uart/stdio_uart.c.obj
 .bss.chars_available_param
                0x20001aac        0x4 CMakeFiles/Lancha.dir/C_/Users/LENOVO/.pico-sdk/sdk/2.1.1/src/rp2_common/pico_stdio_usb/stdio_usb.c.obj
 .bss.claimed   0x20001ab0        0x4 CMakeFiles/Lancha.dir/C_/Users/LENOVO/.pico-sdk/sdk/2.1.1/src/rp2_common/hardware_sync/sync.c.obj
 .bss.claimed   0x20001ab4        0x1 CMakeFiles/Lancha.dir/C_/Users/LENOVO/.pico-sdk/sdk/2.1.1/src/rp2_common/hardware_timer/timer.c.obj
 *fill*         0x20001ab5        0x3 
 .bss.configured_freq
                0x20001ab8       0x28 CMakeFiles/Lancha.dir/C_/Users/LENOVO/.pico-sdk/sdk/2.1.1/src/rp2_common/hardware_clocks/clocks.c.obj
 .bss.desc_str.0
                0x20001ae0       0x28 CMakeFiles/Lancha.dir/C_/Users/LENOVO/.pico-sdk/sdk/2.1.1/src/rp2_common/pico_stdio_usb/stdio_usb_descriptors.c.obj
 .bss.drivers   0x20001b08        0x4 CMakeFiles/Lancha.dir/C_/Users/LENOVO/.pico-sdk/sdk/2.1.1/src/rp2_common/pico_stdio/stdio.c.obj
 .bss.e15_last_sof
                0x20001b0c        0x4 CMakeFiles/Lancha.dir/C_/Users/LENOVO/.pico-sdk/sdk/2.1.1/lib/tinyusb/src/portable/raspberrypi/rp2040/rp2040_usb.c.obj
                0x20001b0c                e15_last_sof
 .bss.filter    0x20001b10        0x4 CMakeFiles/Lancha.dir/C_/Users/LENOVO/.pico-sdk/sdk/2.1.1/src/rp2_common/pico_stdio/stdio.c.obj
 .bss.hw_endpoints
                0x20001b14      0x400 CMakeFiles/Lancha.dir/C_/Users/LENOVO/.pico-sdk/sdk/2.1.1/lib/tinyusb/src/portable/raspberrypi/rp2040/dcd_rp2040.c.obj
 .bss.lazy_vsnprintf
                0x20001f14        0x4 CMakeFiles/Lancha.dir/C_/Users/LENOVO/.pico-sdk/sdk/2.1.1/src/rp2_common/pico_printf/printf.c.obj
 .bss.load_value
                0x20001f18        0x4 CMakeFiles/Lancha.dir/C_/Users/LENOVO/.pico-sdk/sdk/2.1.1/src/rp2_common/hardware_watchdog/watchdog.c.obj
 .bss.next_buffer_ptr
                0x20001f1c        0x4 CMakeFiles/Lancha.dir/C_/Users/LENOVO/.pico-sdk/sdk/2.1.1/lib/tinyusb/src/portable/raspberrypi/rp2040/dcd_rp2040.c.obj
 .bss.object.0  0x20001f20       0x18 C:/Users/LENOVO/.pico-sdk/toolchain/14_2_Rel1/bin/../lib/gcc/arm-none-eabi/14.2.1/thumb/v6-m/nofp/crtbegin.o
 .bss.one_shot_timer_crit_sec
                0x20001f38        0x8 CMakeFiles/Lancha.dir/C_/Users/LENOVO/.pico-sdk/sdk/2.1.1/src/rp2_common/pico_stdio_usb/stdio_usb.c.obj
 .bss.pools     0x20001f40       0x10 CMakeFiles/Lancha.dir/C_/Users/LENOVO/.pico-sdk/sdk/2.1.1/src/common/pico_time/time.c.obj
 .bss.retrieved_id
                0x20001f50        0x8 CMakeFiles/Lancha.dir/C_/Users/LENOVO/.pico-sdk/sdk/2.1.1/src/rp2_common/pico_unique_id/unique_id.c.obj
 .bss.sf_clz_func
                0x20001f58        0x4 CMakeFiles/Lancha.dir/C_/Users/LENOVO/.pico-sdk/sdk/2.1.1/src/rp2_common/pico_double/double_init_rom_rp2040.c.obj
                0x20001f58                sf_clz_func
 .bss.sleep_notifier
                0x20001f5c        0x4 CMakeFiles/Lancha.dir/C_/Users/LENOVO/.pico-sdk/sdk/2.1.1/src/common/pico_time/time.c.obj
 .bss.stdio_usb_mutex
                0x20001f60        0x8 CMakeFiles/Lancha.dir/C_/Users/LENOVO/.pico-sdk/sdk/2.1.1/src/rp2_common/pico_stdio_usb/stdio_usb.c.obj
 .bss.uart_char_to_line_feed
                0x20001f68        0x4 CMakeFiles/Lancha.dir/C_/Users/LENOVO/.pico-sdk/sdk/2.1.1/src/rp2_common/hardware_uart/uart.c.obj
                0x20001f68                uart_char_to_line_feed
 .bss.uart_instance
                0x20001f6c        0x4 CMakeFiles/Lancha.dir/C_/Users/LENOVO/.pico-sdk/sdk/2.1.1/src/rp2_common/pico_stdio_uart/stdio_uart.c.obj
 .bss.usbd_serial_str
                0x20001f70       0x11 CMakeFiles/Lancha.dir/C_/Users/LENOVO/.pico-sdk/sdk/2.1.1/src/rp2_common/pico_stdio_usb/stdio_usb_descriptors.c.obj
 .bss._app_driver_count
                0x20001f81        0x1 CMakeFiles/Lancha.dir/C_/Users/LENOVO/.pico-sdk/sdk/2.1.1/lib/tinyusb/src/device/usbd.c.obj
 .bss._sof_enable
                0x20001f82        0x1 CMakeFiles/Lancha.dir/C_/Users/LENOVO/.pico-sdk/sdk/2.1.1/lib/tinyusb/src/portable/raspberrypi/rp2040/dcd_rp2040.c.obj
 .bss._usbd_queued_setup
                0x20001f83        0x1 CMakeFiles/Lancha.dir/C_/Users/LENOVO/.pico-sdk/sdk/2.1.1/lib/tinyusb/src/device/usbd.c.obj
 .bss.boot2_copyout_valid
                0x20001f84        0x1 CMakeFiles/Lancha.dir/C_/Users/LENOVO/.pico-sdk/sdk/2.1.1/src/rp2_common/hardware_flash/flash.c.obj
 .bss.irq_handler_chain_free_slot_head
                0x20001f85        0x1 CMakeFiles/Lancha.dir/C_/Users/LENOVO/.pico-sdk/sdk/2.1.1/src/rp2_common/hardware_irq/irq.c.obj
 .bss.itf_num   0x20001f86        0x1 CMakeFiles/Lancha.dir/C_/Users/LENOVO/.pico-sdk/sdk/2.1.1/src/rp2_common/pico_stdio_usb/reset_interface.c.obj
 .bss.low_priority_irq_num
                0x20001f87        0x1 CMakeFiles/Lancha.dir/C_/Users/LENOVO/.pico-sdk/sdk/2.1.1/src/rp2_common/pico_stdio_usb/stdio_usb.c.obj
 .bss.one_shot_timer_pending
                0x20001f88        0x1 CMakeFiles/Lancha.dir/C_/Users/LENOVO/.pico-sdk/sdk/2.1.1/src/rp2_common/pico_stdio_usb/stdio_usb.c.obj
 .bss.user_irq_claimed
                0x20001f89        0x1 CMakeFiles/Lancha.dir/C_/Users/LENOVO/.pico-sdk/sdk/2.1.1/src/rp2_common/hardware_irq/irq.c.obj
 *(COMMON)
                0x20001f8c                        . = ALIGN (0x4)
 *fill*         0x20001f8a        0x2 
                0x20001f8c                        __bss_end__ = .

.heap           0x20001f8c      0x800 load address 0x10008de0
                0x20001f8c                        __end__ = .
                0x20001f8c                        end = __end__
 *(.heap*)
 .heap          0x20001f8c      0x800 CMakeFiles/Lancha.dir/C_/Users/LENOVO/.pico-sdk/sdk/2.1.1/src/rp2_common/pico_crt0/crt0.S.obj
                0x20040000                        __HeapLimit = (ORIGIN (RAM) + LENGTH (RAM))

.scratch_x      0x20040000        0x0 load address 0x10008de0